Archive member included to satisfy reference by file (symbol)

/home/vietanh/workspace/tools/gcc-arm-none-eabi-10.3-2021.10/arm-none-eabi/lib/thumb/v7-m/nofp/libc.a(lib_a-atof.o)
                              build_snake/WString.o (atof)
/home/vietanh/workspace/tools/gcc-arm-none-eabi-10.3-2021.10/arm-none-eabi/lib/thumb/v7-m/nofp/libc.a(lib_a-atol.o)
                              build_snake/WString.o (atol)
/home/vietanh/workspace/tools/gcc-arm-none-eabi-10.3-2021.10/arm-none-eabi/lib/thumb/v7-m/nofp/libc.a(lib_a-isspace.o)
                              build_snake/WString.o (isspace)
/home/vietanh/workspace/tools/gcc-arm-none-eabi-10.3-2021.10/arm-none-eabi/lib/thumb/v7-m/nofp/libc.a(lib_a-malloc.o)
                              build_snake/message.o (malloc)
/home/vietanh/workspace/tools/gcc-arm-none-eabi-10.3-2021.10/arm-none-eabi/lib/thumb/v7-m/nofp/libc.a(lib_a-mallocr.o)
                              /home/vietanh/workspace/tools/gcc-arm-none-eabi-10.3-2021.10/arm-none-eabi/lib/thumb/v7-m/nofp/libc.a(lib_a-malloc.o) (_malloc_r)
/home/vietanh/workspace/tools/gcc-arm-none-eabi-10.3-2021.10/arm-none-eabi/lib/thumb/v7-m/nofp/libc.a(lib_a-memcmp.o)
                              build_snake/mbmfuncfiles.o (memcmp)
/home/vietanh/workspace/tools/gcc-arm-none-eabi-10.3-2021.10/arm-none-eabi/lib/thumb/v7-m/nofp/libc.a(lib_a-memcpy.o)
                              build_snake/message.o (memcpy)
/home/vietanh/workspace/tools/gcc-arm-none-eabi-10.3-2021.10/arm-none-eabi/lib/thumb/v7-m/nofp/libc.a(lib_a-memmove.o)
                              build_snake/WString.o (memmove)
/home/vietanh/workspace/tools/gcc-arm-none-eabi-10.3-2021.10/arm-none-eabi/lib/thumb/v7-m/nofp/libc.a(lib_a-memset.o)
                              build_snake/task.o (memset)
/home/vietanh/workspace/tools/gcc-arm-none-eabi-10.3-2021.10/arm-none-eabi/lib/thumb/v7-m/nofp/libc.a(lib_a-mlock.o)
                              /home/vietanh/workspace/tools/gcc-arm-none-eabi-10.3-2021.10/arm-none-eabi/lib/thumb/v7-m/nofp/libc.a(lib_a-mallocr.o) (__malloc_lock)
/home/vietanh/workspace/tools/gcc-arm-none-eabi-10.3-2021.10/arm-none-eabi/lib/thumb/v7-m/nofp/libc.a(lib_a-rand.o)
                              build_snake/WMath.o (srand)
/home/vietanh/workspace/tools/gcc-arm-none-eabi-10.3-2021.10/arm-none-eabi/lib/thumb/v7-m/nofp/libc.a(lib_a-realloc.o)
                              build_snake/WString.o (realloc)
/home/vietanh/workspace/tools/gcc-arm-none-eabi-10.3-2021.10/arm-none-eabi/lib/thumb/v7-m/nofp/libc.a(lib_a-reallocr.o)
                              /home/vietanh/workspace/tools/gcc-arm-none-eabi-10.3-2021.10/arm-none-eabi/lib/thumb/v7-m/nofp/libc.a(lib_a-realloc.o) (_realloc_r)
/home/vietanh/workspace/tools/gcc-arm-none-eabi-10.3-2021.10/arm-none-eabi/lib/thumb/v7-m/nofp/libc.a(lib_a-sbrkr.o)
                              /home/vietanh/workspace/tools/gcc-arm-none-eabi-10.3-2021.10/arm-none-eabi/lib/thumb/v7-m/nofp/libc.a(lib_a-mallocr.o) (_sbrk_r)
/home/vietanh/workspace/tools/gcc-arm-none-eabi-10.3-2021.10/arm-none-eabi/lib/thumb/v7-m/nofp/libc.a(lib_a-strcat.o)
                              build_snake/dtostrf.o (strcat)
/home/vietanh/workspace/tools/gcc-arm-none-eabi-10.3-2021.10/arm-none-eabi/lib/thumb/v7-m/nofp/libc.a(lib_a-strchr.o)
                              build_snake/WString.o (strchr)
/home/vietanh/workspace/tools/gcc-arm-none-eabi-10.3-2021.10/arm-none-eabi/lib/thumb/v7-m/nofp/libc.a(lib_a-strcmp.o)
                              build_snake/cmd_line.o (strcmp)
/home/vietanh/workspace/tools/gcc-arm-none-eabi-10.3-2021.10/arm-none-eabi/lib/thumb/v7-m/nofp/libc.a(lib_a-strcpy.o)
                              build_snake/sys_dbg.o (strcpy)
/home/vietanh/workspace/tools/gcc-arm-none-eabi-10.3-2021.10/arm-none-eabi/lib/thumb/v7-m/nofp/libc.a(lib_a-strlen-stub.o)
                              build_snake/xprintf.o (strlen)
/home/vietanh/workspace/tools/gcc-arm-none-eabi-10.3-2021.10/arm-none-eabi/lib/thumb/v7-m/nofp/libc.a(lib_a-strncmp.o)
                              build_snake/WString.o (strncmp)
/home/vietanh/workspace/tools/gcc-arm-none-eabi-10.3-2021.10/arm-none-eabi/lib/thumb/v7-m/nofp/libc.a(lib_a-strncpy.o)
                              build_snake/WString.o (strncpy)
/home/vietanh/workspace/tools/gcc-arm-none-eabi-10.3-2021.10/arm-none-eabi/lib/thumb/v7-m/nofp/libc.a(lib_a-strrchr.o)
                              build_snake/WString.o (strrchr)
/home/vietanh/workspace/tools/gcc-arm-none-eabi-10.3-2021.10/arm-none-eabi/lib/thumb/v7-m/nofp/libc.a(lib_a-strstr.o)
                              build_snake/WString.o (strstr)
/home/vietanh/workspace/tools/gcc-arm-none-eabi-10.3-2021.10/arm-none-eabi/lib/thumb/v7-m/nofp/libc.a(lib_a-strtod.o)
                              /home/vietanh/workspace/tools/gcc-arm-none-eabi-10.3-2021.10/arm-none-eabi/lib/thumb/v7-m/nofp/libc.a(lib_a-atof.o) (strtod)
/home/vietanh/workspace/tools/gcc-arm-none-eabi-10.3-2021.10/arm-none-eabi/lib/thumb/v7-m/nofp/libc.a(lib_a-strtol.o)
[...]
Memory Configuration

Name             Origin             Length             Attributes
BSF              0x0000000008002000 0x0000000000001000 xr
FLASH            0x0000000008003000 0x000000000001d000 xr
SRAM             0x0000000020000000 0x0000000000004000 xrw
*default*        0x0000000000000000 0xffffffffffffffff

Linker script and memory map

                0x0000000000000800                HEAP_SIZE = 0x800

.start_boot_share_data_flash
                0x0000000008002000        0x0
                0x0000000008002000                _start_boot_share_data_flash = .

.start_flash    0x0000000008003000        0x0
                0x0000000008003000                _start_flash = .

.isr_vector     0x0000000008003000       0xf4
                0x0000000008003000                _isr_vector = .
 *(.isr_vector)
 .isr_vector    0x0000000008003000       0xf4 build_snake/system.o
                0x0000000008003000                isr_vector
                0x00000000080030f4                . = ALIGN (0x4)

.text           0x00000000080030f8     0xcb3c
                0x00000000080030f8                . = ALIGN (0x4)
 *(.text)
 .text          0x00000000080030f8       0xec /home/vietanh/workspace/tools/gcc-arm-none-eabi-10.3-2021.10/arm-none-eabi/lib/thumb/v7-m/nofp/libc.a(lib_a-memcpy.o)
                0x00000000080030f8                memcpy
 .text          0x00000000080031e4      0x1bc /home/vietanh/workspace/tools/gcc-arm-none-eabi-10.3-2021.10/arm-none-eabi/lib/thumb/v7-m/nofp/libc.a(lib_a-strcmp.o)
                0x00000000080031e4                strcmp
 .text          0x00000000080033a0      0x378 /home/vietanh/workspace/tools/gcc-arm-none-eabi-10.3-2021.10/lib/gcc/arm-none-eabi/10.3.1/thumb/v7-m/nofp/libgcc.a(_arm_addsubdf3.o)
                0x00000000080033a0                __aeabi_drsub
                0x00000000080033a8                __aeabi_dsub
                0x00000000080033a8                __subdf3
                0x00000000080033ac                __adddf3
                0x00000000080033ac                __aeabi_dadd
                0x0000000008003624                __aeabi_ui2d
                0x0000000008003624                __floatunsidf
                0x0000000008003644                __floatsidf
                0x0000000008003644                __aeabi_i2d
                0x0000000008003668                __extendsfdf2
                0x0000000008003668                __aeabi_f2d
                0x00000000080036ac                __aeabi_ul2d
                0x00000000080036ac                __floatundidf
                0x00000000080036bc                __floatdidf
                0x00000000080036bc                __aeabi_l2d
 .text          0x0000000008003718      0x424 /home/vietanh/workspace/tools/gcc-arm-none-eabi-10.3-2021.10/lib/gcc/arm-none-eabi/10.3.1/thumb/v7-m/nofp/libgcc.a(_arm_muldivdf3.o)
                0x0000000008003718                __aeabi_dmul
                0x0000000008003718                __muldf3
                0x000000000800396c                __aeabi_ddiv
                0x000000000800396c                __divdf3
 .text          0x0000000008003b3c      0x110 /home/vietanh/workspace/tools/gcc-arm-none-eabi-10.3-2021.10/lib/gcc/arm-none-eabi/10.3.1/thumb/v7-m/nofp/libgcc.a(_arm_cmpdf2.o)
                0x0000000008003b3c                __gtdf2
                0x0000000008003b3c                __gedf2
                0x0000000008003b44                __ltdf2
                0x0000000008003b44                __ledf2
                0x0000000008003b4c                __cmpdf2
                0x0000000008003b4c                __eqdf2
                0x0000000008003b4c                __nedf2
                0x0000000008003bc8                __aeabi_cdrcmple
                0x0000000008003bd8                __aeabi_cdcmple
                0x0000000008003bd8                __aeabi_cdcmpeq
                0x0000000008003be8                __aeabi_dcmpeq
                0x0000000008003bfc                __aeabi_dcmplt
                0x0000000008003c10                __aeabi_dcmple
                0x0000000008003c24                __aeabi_dcmpge
                0x0000000008003c38                __aeabi_dcmpgt
 .text          0x0000000008003c4c       0x2c /home/vietanh/workspace/tools/gcc-arm-none-eabi-10.3-2021.10/lib/gcc/arm-none-eabi/10.3.1/thumb/v7-m/nofp/libgcc.a(_arm_unorddf2.o)
                0x0000000008003c4c                __aeabi_dcmpun
                0x0000000008003c4c                __unorddf2
 .text          0x0000000008003c78       0x50 /home/vietanh/workspace/tools/gcc-arm-none-eabi-10.3-2021.10/lib/gcc/arm-none-eabi/10.3.1/thumb/v7-m/nofp/libgcc.a(_arm_fixdfsi.o)
                0x0000000008003c78                __fixdfsi
                0x0000000008003c78                __aeabi_d2iz
 .text          0x0000000008003cc8       0x40 /home/vietanh/workspace/tools/gcc-arm-none-eabi-10.3-2021.10/lib/gcc/arm-none-eabi/10.3.1/thumb/v7-m/nofp/libgcc.a(_arm_fixunsdfsi.o)
                0x0000000008003cc8                __fixunsdfsi
                0x0000000008003cc8                __aeabi_d2uiz
 .text          0x0000000008003d08      0x21c /home/vietanh/workspace/tools/gcc-arm-none-eabi-10.3-2021.10/lib/gcc/arm-none-eabi/10.3.1/thumb/v7-m/nofp/libgcc.a(_arm_addsubsf3.o)
                0x0000000008003d08                __aeabi_frsub
                0x0000000008003d10                __subsf3
                0x0000000008003d10                __aeabi_fsub
                0x0000000008003d14                __aeabi_fadd
                0x0000000008003d14                __addsf3
                0x0000000008003e74                __aeabi_ui2f
                0x0000000008003e74                __floatunsisf
                0x0000000008003e7c                __aeabi_i2f
                0x0000000008003e7c                __floatsisf
                0x0000000008003e98                __floatundisf
                0x0000000008003e98                __aeabi_ul2f
                0x0000000008003ea8                __floatdisf
                0x0000000008003ea8                __aeabi_l2f
 .text          0x0000000008003f24       0x30 /home/vietanh/workspace/tools/gcc-arm-none-eabi-10.3-2021.10/lib/gcc/arm-none-eabi/10.3.1/thumb/v7-m/nofp/libgcc.a(_aeabi_uldivmod.o)
                0x0000000008003f24                __aeabi_uldivmod
 .text          0x0000000008003f54      0x2d4 /home/vietanh/workspace/tools/gcc-arm-none-eabi-10.3-2021.10/lib/gcc/arm-none-eabi/10.3.1/thumb/v7-m/nofp/libgcc.a(_udivmoddi4.o)
                0x0000000008003f54                __udivmoddi4
 .text          0x0000000008004228        0x4 /home/vietanh/workspace/tools/gcc-arm-none-eabi-10.3-2021.10/lib/gcc/arm-none-eabi/10.3.1/thumb/v7-m/nofp/libgcc.a(_dvmd_tls.o)
                0x0000000008004228                __aeabi_ldiv0
                0x0000000008004228                __aeabi_idiv0
 *(.text*)
 .text.fsm_dispatch
                0x000000000800422c        0x6 build_snake/fsm.o
                0x000000000800422c                fsm_dispatch
 *fill*         0x0000000008004232        0x2 
 .text.task_create
                0x0000000008004234       0x3c build_snake/task.o
                0x0000000008004234                task_create
 .text.task_polling_create
                0x0000000008004270       0x34 build_snake/task.o
                0x0000000008004270                task_polling_create
 .text.task_post
                0x00000000080042a4       0x84 build_snake/task.o
                0x00000000080042a4                task_post
 .text.task_remove_msg
                0x0000000008004328       0xb4 build_snake/task.o
                0x0000000008004328                task_remove_msg
 .text.task_post_pure_msg
                0x00000000080043dc       0x18 build_snake/task.o
                0x00000000080043dc                task_post_pure_msg
 .text.task_post_common_msg
                0x00000000080043f4       0x2a build_snake/task.o
                0x00000000080043f4                task_post_common_msg
 *fill*         0x000000000800441e        0x2 
 .text.task_entry_interrupt
                0x0000000008004420       0x1c build_snake/task.o
                0x0000000008004420                task_entry_interrupt
 .text.task_exit_interrupt
                0x000000000800443c       0x24 build_snake/task.o
                0x000000000800443c                task_exit_interrupt
 .text.task_init
                0x0000000008004460       0x40 build_snake/task.o
                0x0000000008004460                task_init
 .text.task_polling_run
                0x00000000080044a0       0x34 build_snake/task.o
                0x00000000080044a0                task_polling_run
 .text.task_run
                0x00000000080044d4      0x138 build_snake/task.o
                0x00000000080044d4                task_run
 .text.get_current_task_id
                0x000000000800460c        0xc build_snake/task.o
                0x000000000800460c                get_current_task_id
 .text.get_current_task_info
                0x0000000008004618        0x8 build_snake/task.o
                0x0000000008004618                get_current_task_info
 .text.get_current_active_object
                0x0000000008004620        0x8 build_snake/task.o
                0x0000000008004620                get_current_active_object
 .text.timer_remove_msg
                0x0000000008004628       0x64 build_snake/timer.o
 .text.task_timer_tick
                0x000000000800468c       0x7c build_snake/timer.o
                0x000000000800468c                task_timer_tick
 .text.timer_init
                0x0000000008004708       0x6c build_snake/timer.o
                0x0000000008004708                timer_init
 .text.timer_tick
                0x0000000008004774       0x38 build_snake/timer.o
                0x0000000008004774                timer_tick
 .text.timer_set
                0x00000000080047ac       0x98 build_snake/timer.o
                0x00000000080047ac                timer_set
 .text.timer_remove_attr
                0x0000000008004844       0x18 build_snake/timer.o
                0x0000000008004844                timer_remove_attr
 .text.free_common_msg
                0x000000000800485c       0x28 build_snake/message.o
 .text.free_pure_msg
                0x0000000008004884       0x28 build_snake/message.o
 .text.free_dynamic_msg
                0x00000000080048ac       0x30 build_snake/message.o
 .text.msg_init
                0x00000000080048dc      0x100 build_snake/message.o
                0x00000000080048dc                msg_init
 .text.msg_force_free
                0x00000000080049dc       0x44 build_snake/message.o
                0x00000000080049dc                msg_force_free
 .text.msg_inc_ref_count
                0x0000000008004a20       0x2c build_snake/message.o
                0x0000000008004a20                msg_inc_ref_count
 .text.msg_dec_ref_count
                0x0000000008004a4c       0x28 build_snake/message.o
                0x0000000008004a4c                msg_dec_ref_count
 .text.msg_free
                0x0000000008004a74       0x58 build_snake/message.o
                0x0000000008004a74                msg_free
 .text.ak_malloc
                0x0000000008004acc       0x50 build_snake/message.o
                0x0000000008004acc                ak_malloc
 .text.ak_free  0x0000000008004b1c        0x4 build_snake/message.o
                0x0000000008004b1c                ak_free
 .text.get_pure_msg
                0x0000000008004b20       0x5c build_snake/message.o
                0x0000000008004b20                get_pure_msg
 .text.get_common_msg
                0x0000000008004b7c       0x60 build_snake/message.o
                0x0000000008004b7c                get_common_msg
 .text.set_data_common_msg
                0x0000000008004bdc       0x4c build_snake/message.o
                0x0000000008004bdc                set_data_common_msg
 .text.get_data_common_msg
                0x0000000008004c28       0x28 build_snake/message.o
                0x0000000008004c28                get_data_common_msg
 .text.get_data_len_common_msg
                0x0000000008004c50       0x28 build_snake/message.o
                0x0000000008004c50                get_data_len_common_msg
 .text.get_dynamic_msg
                0x0000000008004c78       0x64 build_snake/message.o
                0x0000000008004c78                get_dynamic_msg
 .text.set_data_dynamic_msg
                0x0000000008004cdc       0x3c build_snake/message.o
                0x0000000008004cdc                set_data_dynamic_msg
 .text.get_data_dynamic_msg
                0x0000000008004d18       0x28 build_snake/message.o
                0x0000000008004d18                get_data_dynamic_msg
 .text.get_data_len_dynamic_msg
                0x0000000008004d40        0x4 build_snake/message.o
                0x0000000008004d40                get_data_len_dynamic_msg
 .text.log_queue_init
                0x0000000008004d44       0x2e build_snake/log_queue.o
                0x0000000008004d44                log_queue_init
 .text.log_queue_len
                0x0000000008004d72        0x4 build_snake/log_queue.o
                0x0000000008004d72                log_queue_len
 .text.log_queue_put
                0x0000000008004d76       0x5c build_snake/log_queue.o
                0x0000000008004d76                log_queue_put
 .text.log_queue_get
                0x0000000008004dd2       0x30 build_snake/log_queue.o
                0x0000000008004dd2                log_queue_get
 .text.fifo_init
                0x0000000008004e02       0x12 build_snake/fifo.o
                0x0000000008004e02                fifo_init
 .text.fifo_availble
                0x0000000008004e14        0x4 build_snake/fifo.o
                0x0000000008004e14                fifo_availble
 .text.fifo_is_full
                0x0000000008004e18        0xc build_snake/fifo.o
                0x0000000008004e18                fifo_is_full
 .text.fifo_put
                0x0000000008004e24       0x54 build_snake/fifo.o
                0x0000000008004e24                fifo_put
 .text.fifo_get
                0x0000000008004e78       0x50 build_snake/fifo.o
                0x0000000008004e78                fifo_get
 .text.ring_buffer_char_init
                0x0000000008004ec8        0xc build_snake/ring_buffer.o
                0x0000000008004ec8                ring_buffer_char_init
 .text.ring_buffer_char_is_empty
                0x0000000008004ed4        0xa build_snake/ring_buffer.o
                0x0000000008004ed4                ring_buffer_char_is_empty
 .text.ring_buffer_char_put
                0x0000000008004ede       0x36 build_snake/ring_buffer.o
                0x0000000008004ede                ring_buffer_char_put
 .text.ring_buffer_char_get
                0x0000000008004f14       0x26 build_snake/ring_buffer.o
                0x0000000008004f14                ring_buffer_char_get
 .text.mem_read
                0x0000000008004f3a       0x18 build_snake/utils.o
                0x0000000008004f3a                mem_read
 .text.mem_write
                0x0000000008004f52       0x1a build_snake/utils.o
                0x0000000008004f52                mem_write
 *fill*         0x0000000008004f6c        0x4 
 .text.ilog10   0x0000000008004f70       0xd8 build_snake/xprintf.o
 .text.i10x     0x0000000008005048       0x78 build_snake/xprintf.o
 .text.xfputc   0x00000000080050c0       0x30 build_snake/xprintf.o
                0x00000000080050c0                xfputc
 .text.xputc    0x00000000080050f0       0x10 build_snake/xprintf.o
                0x00000000080050f0                xputc
 .text.xvfprintf
                0x0000000008005100      0x580 build_snake/xprintf.o
 .text.xprintf  0x0000000008005680       0x24 build_snake/xprintf.o
                0x0000000008005680                xprintf
 .text.cmd_line_parser
                0x00000000080056a4       0x7c build_snake/cmd_line.o
                0x00000000080056a4                cmd_line_parser
 .text.button_init
                0x0000000008005720       0x34 build_snake/button.o
                0x0000000008005720                button_init
 .text.button_enable
                0x0000000008005754        0x6 build_snake/button.o
                0x0000000008005754                button_enable
 .text.button_timer_polling
                0x000000000800575a       0x76 build_snake/button.o
                0x000000000800575a                button_timer_polling
 .text.flash_wait_to_idle
                0x00000000080057d0       0x32 build_snake/flash.o
 .text.flash_set_write_enable.constprop.0
                0x0000000008005802       0x14 build_snake/flash.o
 .text.flash_is_connected
                0x0000000008005816       0x22 build_snake/flash.o
                0x0000000008005816                flash_is_connected
 .text.flash_read
                0x0000000008005838       0x5e build_snake/flash.o
                0x0000000008005838                flash_read
 .text.flash_write
                0x0000000008005896       0x6c build_snake/flash.o
                0x0000000008005896                flash_write
 .text.flash_erase_sector
                0x0000000008005902       0x48 build_snake/flash.o
                0x0000000008005902                flash_erase_sector
 .text.flash_erase_block_64k
                0x000000000800594a       0x46 build_snake/flash.o
                0x000000000800594a                flash_erase_block_64k
 .text.led_init
                0x0000000008005990       0x20 build_snake/led.o
                0x0000000008005990                led_init
 .text.led_on   0x00000000080059b0        0xc build_snake/led.o
                0x00000000080059b0                led_on
 .text.led_off  0x00000000080059bc        0xc build_snake/led.o
                0x00000000080059bc                led_off
 .text.led_toggle
                0x00000000080059c8       0x12 build_snake/led.o
                0x00000000080059c8                led_toggle
 *fill*         0x00000000080059da        0x2 
 .text.BUZZER_Init
                0x00000000080059dc       0xe0 build_snake/buzzer.o
                0x00000000080059dc                BUZZER_Init
 .text.BUZZER_Disable
                0x0000000008005abc       0x38 build_snake/buzzer.o
                0x0000000008005abc                BUZZER_Disable
 .text.BUZZER_Enable
                0x0000000008005af4       0x84 build_snake/buzzer.o
                0x0000000008005af4                BUZZER_Enable
 .text.buzzer_irq
                0x0000000008005b78       0x98 build_snake/buzzer.o
                0x0000000008005b78                buzzer_irq
 .text.BUZZER_PlayTones
                0x0000000008005c10        0x2 build_snake/buzzer.o
                0x0000000008005c10                BUZZER_PlayTones
 *fill*         0x0000000008005c12        0x2 
 .text.sys_dbg_cpu_dump
                0x0000000008005c14       0x4c build_snake/sys_dbg.o
                0x0000000008005c14                sys_dbg_cpu_dump
 .text.sys_dbg_stack_space_dump
                0x0000000008005c60       0x30 build_snake/sys_dbg.o
                0x0000000008005c60                sys_dbg_stack_space_dump
 .text.sys_dbg_fatal
                0x0000000008005c90      0x3cc build_snake/sys_dbg.o
                0x0000000008005c90                sys_dbg_fatal
 .text.sys_boot_init
                0x000000000800605c       0x14 build_snake/sys_boot.o
                0x000000000800605c                sys_boot_init
 .text.sys_boot_get
                0x0000000008006070        0xc build_snake/sys_boot.o
                0x0000000008006070                sys_boot_get
 .text.sys_boot_set
                0x000000000800607c       0x34 build_snake/sys_boot.o
                0x000000000800607c                sys_boot_set
 .text.eMBExceptionToErrorcode
                0x00000000080060b0       0x14 build_snake/mbutils.o
                0x00000000080060b0                eMBExceptionToErrorcode
 .text.eMBMReleaseHdl
                0x00000000080060c4       0x58 build_snake/mbm.o
 .text.bMBMResponseTimeoutCB
                0x000000000800611c       0x18 build_snake/mbm.o
 .text.bMBMIsHdlValid
                0x0000000008006134       0x18 build_snake/mbm.o
                0x0000000008006134                bMBMIsHdlValid
 .text.vMBMMasterTransactionPolled
                0x000000000800614c       0xae build_snake/mbm.o
                0x000000000800614c                vMBMMasterTransactionPolled
 *fill*         0x00000000080061fa        0x2 
 .text.eMBMSerialInitExt
                0x00000000080061fc       0xcc build_snake/mbm.o
                0x00000000080061fc                eMBMSerialInitExt
 .text.usMBMCRC16
                0x00000000080062c8       0x2c build_snake/mbmcrc.o
                0x00000000080062c8                usMBMCRC16
 .text.bMBMSerialWaitCB
                0x00000000080062f4       0x3c build_snake/mbmrtu.o
 .text.bMBMSerialRTUT35CB
                0x0000000008006330       0x58 build_snake/mbmrtu.o
 .text.bMBMSerialRTUTransmitterEmptyAPIV1CB
                0x0000000008006388       0xb2 build_snake/mbmrtu.o
 .text.bMBMSerialRTUReceiverAPIV1CB
                0x000000000800643a       0xa0 build_snake/mbmrtu.o
 *fill*         0x00000000080064da        0x2 
 .text.eMBMSerialRTUFrameCloseInternal
                0x00000000080064dc       0x90 build_snake/mbmrtu.o
 .text.eMBMSerialRTUFrameReceive
                0x000000000800656c       0xc4 build_snake/mbmrtu.o
 .text.eMBMSerialRTUFrameSend
                0x0000000008006630       0xd0 build_snake/mbmrtu.o
 .text.eMBMSerialRTUFrameClose
                0x0000000008006700       0x18 build_snake/mbmrtu.o
 .text.eMBMSerialRTUInit
                0x0000000008006718      0x118 build_snake/mbmrtu.o
                0x0000000008006718                eMBMSerialRTUInit
 .text.vMBMReadHoldingRegistersPolled
                0x0000000008006830      0x136 build_snake/mbmfuncholding.o
                0x0000000008006830                vMBMReadHoldingRegistersPolled
 .text.eMBMReadHoldingRegisters
                0x0000000008006966       0x42 build_snake/mbmfuncholding.o
                0x0000000008006966                eMBMReadHoldingRegisters
 .text.vMBMReadCoilsPolled
                0x00000000080069a8      0x114 build_snake/mbmfunccoils.o
                0x00000000080069a8                vMBMReadCoilsPolled
 .text.eMBMReadCoils
                0x0000000008006abc       0x42 build_snake/mbmfunccoils.o
                0x0000000008006abc                eMBMReadCoils
 .text.vMBMReadDiscreteInputsPolled
                0x0000000008006afe      0x114 build_snake/mbmfuncdisc.o
                0x0000000008006afe                vMBMReadDiscreteInputsPolled
 .text.eMBMReadDiscreteInputs
                0x0000000008006c12       0x42 build_snake/mbmfuncdisc.o
                0x0000000008006c12                eMBMReadDiscreteInputs
 .text.vMBMReadInputRegistersPolled
                0x0000000008006c54      0x120 build_snake/mbmfuncinput.o
                0x0000000008006c54                vMBMReadInputRegistersPolled
 .text.eMBMReadInputRegisters
                0x0000000008006d74       0x42 build_snake/mbmfuncinput.o
                0x0000000008006d74                eMBMReadInputRegisters
 *fill*         0x0000000008006db6        0x2 
 .text.eMBPEventCreate
                0x0000000008006db8       0x5c build_snake/mbportevent.o
                0x0000000008006db8                eMBPEventCreate
 .text.eMBPEventPost
                0x0000000008006e14       0x2c build_snake/mbportevent.o
                0x0000000008006e14                eMBPEventPost
 .text.bMBPEventGet
                0x0000000008006e40       0x34 build_snake/mbportevent.o
                0x0000000008006e40                bMBPEventGet
 .text.vMBPEventDelete
                0x0000000008006e74       0x2c build_snake/mbportevent.o
                0x0000000008006e74                vMBPEventDelete
 .text.vMBPAssert
                0x0000000008006ea0       0x1c build_snake/mbportother.o
                0x0000000008006ea0                vMBPAssert
 .text.vMBPEnterCritical
                0x0000000008006ebc        0x4 build_snake/mbportother.o
                0x0000000008006ebc                vMBPEnterCritical
 .text.vMBPExitCritical
                0x0000000008006ec0        0x4 build_snake/mbportother.o
                0x0000000008006ec0                vMBPExitCritical
 .text.eMBPSerialInit
                0x0000000008006ec4      0x144 build_snake/mbportserial.o
                0x0000000008006ec4                eMBPSerialInit
 .text.eMBPSerialClose
                0x0000000008007008       0x58 build_snake/mbportserial.o
                0x0000000008007008                eMBPSerialClose
 .text.eMBPSerialTxEnable
                0x0000000008007060       0x70 build_snake/mbportserial.o
                0x0000000008007060                eMBPSerialTxEnable
 .text.eMBPSerialRxEnable
                0x00000000080070d0       0x5c build_snake/mbportserial.o
                0x00000000080070d0                eMBPSerialRxEnable
 .text.vMBPUSART2ISR
                0x000000000800712c       0xec build_snake/mbportserial.o
                0x000000000800712c                vMBPUSART2ISR
 .text.eMBPTimerInit
                0x0000000008007218       0xec build_snake/mbporttimer.o
                0x0000000008007218                eMBPTimerInit
 .text.vMBPTimerClose
                0x0000000008007304       0x28 build_snake/mbporttimer.o
                0x0000000008007304                vMBPTimerClose
 .text.eMBPTimerStart
                0x000000000800732c       0x2c build_snake/mbporttimer.o
                0x000000000800732c                eMBPTimerStart
 .text.eMBPTimerStop
                0x0000000008007358       0x30 build_snake/mbporttimer.o
                0x0000000008007358                eMBPTimerStop
 .text.vMBPTimerISR
                0x0000000008007388       0x58 build_snake/mbporttimer.o
                0x0000000008007388                vMBPTimerISR
 .text.GPIO_Init
                0x00000000080073e0       0x78 build_snake/stm32l1xx_gpio.o
                0x00000000080073e0                GPIO_Init
 .text.GPIO_ReadInputDataBit
                0x0000000008007458        0xc build_snake/stm32l1xx_gpio.o
                0x0000000008007458                GPIO_ReadInputDataBit
 .text.GPIO_SetBits
                0x0000000008007464        0x4 build_snake/stm32l1xx_gpio.o
                0x0000000008007464                GPIO_SetBits
 .text.GPIO_ResetBits
                0x0000000008007468        0x4 build_snake/stm32l1xx_gpio.o
                0x0000000008007468                GPIO_ResetBits
 .text.GPIO_PinAFConfig
                0x000000000800746c       0x24 build_snake/stm32l1xx_gpio.o
                0x000000000800746c                GPIO_PinAFConfig
 .text.RCC_HSICmd
                0x0000000008007490        0xc build_snake/stm32l1xx_rcc.o
                0x0000000008007490                RCC_HSICmd
 .text.RCC_GetClocksFreq
                0x000000000800749c       0x9c build_snake/stm32l1xx_rcc.o
                0x000000000800749c                RCC_GetClocksFreq
 .text.RCC_AHBPeriphClockCmd
                0x0000000008007538       0x18 build_snake/stm32l1xx_rcc.o
                0x0000000008007538                RCC_AHBPeriphClockCmd
 .text.RCC_APB2PeriphClockCmd
                0x0000000008007550       0x18 build_snake/stm32l1xx_rcc.o
                0x0000000008007550                RCC_APB2PeriphClockCmd
 .text.RCC_APB1PeriphClockCmd
                0x0000000008007568       0x18 build_snake/stm32l1xx_rcc.o
                0x0000000008007568                RCC_APB1PeriphClockCmd
 .text.RCC_APB2PeriphResetCmd
                0x0000000008007580       0x18 build_snake/stm32l1xx_rcc.o
                0x0000000008007580                RCC_APB2PeriphResetCmd
 .text.RCC_APB1PeriphResetCmd
                0x0000000008007598       0x18 build_snake/stm32l1xx_rcc.o
                0x0000000008007598                RCC_APB1PeriphResetCmd
 .text.RCC_GetFlagStatus
                0x00000000080075b0       0x20 build_snake/stm32l1xx_rcc.o
                0x00000000080075b0                RCC_GetFlagStatus
 .text.USART_DeInit
                0x00000000080075d0       0x9c build_snake/stm32l1xx_usart.o
                0x00000000080075d0                USART_DeInit
 .text.USART_Init
                0x000000000800766c       0xa4 build_snake/stm32l1xx_usart.o
                0x000000000800766c                USART_Init
 .text.USART_ClockInit
                0x0000000008007710       0x20 build_snake/stm32l1xx_usart.o
                0x0000000008007710                USART_ClockInit
 .text.USART_Cmd
                0x0000000008007730       0x18 build_snake/stm32l1xx_usart.o
                0x0000000008007730                USART_Cmd
 .text.USART_SendData
                0x0000000008007748        0x8 build_snake/stm32l1xx_usart.o
                0x0000000008007748                USART_SendData
 .text.USART_ReceiveData
                0x0000000008007750        0x8 build_snake/stm32l1xx_usart.o
                0x0000000008007750                USART_ReceiveData
 .text.USART_ITConfig
                0x0000000008007758       0x30 build_snake/stm32l1xx_usart.o
                0x0000000008007758                USART_ITConfig
 .text.USART_GetFlagStatus
                0x0000000008007788        0xc build_snake/stm32l1xx_usart.o
                0x0000000008007788                USART_GetFlagStatus
 .text.USART_GetITStatus
                0x0000000008007794       0x3e build_snake/stm32l1xx_usart.o
                0x0000000008007794                USART_GetITStatus
 .text.USART_ClearITPendingBit
                0x00000000080077d2        0xe build_snake/stm32l1xx_usart.o
                0x00000000080077d2                USART_ClearITPendingBit
 .text.SPI_I2S_DeInit
                0x00000000080077e0       0x64 build_snake/stm32l1xx_spi.o
                0x00000000080077e0                SPI_I2S_DeInit
 .text.SPI_Init
                0x0000000008007844       0x3e build_snake/stm32l1xx_spi.o
                0x0000000008007844                SPI_Init
 .text.SPI_Cmd  0x0000000008007882       0x18 build_snake/stm32l1xx_spi.o
                0x0000000008007882                SPI_Cmd
 .text.SPI_I2S_ReceiveData
                0x000000000800789a        0x6 build_snake/stm32l1xx_spi.o
                0x000000000800789a                SPI_I2S_ReceiveData
 .text.SPI_I2S_SendData
                0x00000000080078a0        0x4 build_snake/stm32l1xx_spi.o
                0x00000000080078a0                SPI_I2S_SendData
 .text.SPI_I2S_GetFlagStatus
                0x00000000080078a4        0xc build_snake/stm32l1xx_spi.o
                0x00000000080078a4                SPI_I2S_GetFlagStatus
 .text.NVIC_PriorityGroupConfig
                0x00000000080078b0       0x14 build_snake/misc.o
                0x00000000080078b0                NVIC_PriorityGroupConfig
 .text.NVIC_Init
                0x00000000080078c4       0x58 build_snake/misc.o
                0x00000000080078c4                NVIC_Init
 .text.EXTI_GetFlagStatus
                0x000000000800791c       0x14 build_snake/stm32l1xx_exti.o
                0x000000000800791c                EXTI_GetFlagStatus
 .text.EXTI_GetITStatus
                0x0000000008007930        0x4 build_snake/stm32l1xx_exti.o
                0x0000000008007930                EXTI_GetITStatus
 .text.EXTI_ClearITPendingBit
                0x0000000008007934        0xc build_snake/stm32l1xx_exti.o
                0x0000000008007934                EXTI_ClearITPendingBit
 .text.TIM_DeInit
                0x0000000008007940       0xe4 build_snake/stm32l1xx_tim.o
                0x0000000008007940                TIM_DeInit
 .text.TIM_TimeBaseInit
                0x0000000008007a24       0x58 build_snake/stm32l1xx_tim.o
                0x0000000008007a24                TIM_TimeBaseInit
 .text.TIM_ARRPreloadConfig
                0x0000000008007a7c       0x18 build_snake/stm32l1xx_tim.o
                0x0000000008007a7c                TIM_ARRPreloadConfig
 .text.TIM_Cmd  0x0000000008007a94       0x18 build_snake/stm32l1xx_tim.o
                0x0000000008007a94                TIM_Cmd
 .text.TIM_OC3Init
                0x0000000008007aac       0x3c build_snake/stm32l1xx_tim.o
                0x0000000008007aac                TIM_OC3Init
 .text.TIM_OC3PreloadConfig
                0x0000000008007ae8       0x10 build_snake/stm32l1xx_tim.o
                0x0000000008007ae8                TIM_OC3PreloadConfig
 .text.TIM_ITConfig
                0x0000000008007af8       0x12 build_snake/stm32l1xx_tim.o
                0x0000000008007af8                TIM_ITConfig
 .text.TIM_GetITStatus
                0x0000000008007b0a       0x16 build_snake/stm32l1xx_tim.o
                0x0000000008007b0a                TIM_GetITStatus
 .text.TIM_ClearITPendingBit
                0x0000000008007b20        0x8 build_snake/stm32l1xx_tim.o
                0x0000000008007b20                TIM_ClearITPendingBit
 .text.ADC_Init
                0x0000000008007b28       0x4c build_snake/stm32l1xx_adc.o
                0x0000000008007b28                ADC_Init
 .text.ADC_Cmd  0x0000000008007b74       0x12 build_snake/stm32l1xx_adc.o
                0x0000000008007b74                ADC_Cmd
 *fill*         0x0000000008007b86        0x2 
 .text.ADC_TempSensorVrefintCmd
                0x0000000008007b88       0x18 build_snake/stm32l1xx_adc.o
                0x0000000008007b88                ADC_TempSensorVrefintCmd
 .text.ADC_RegularChannelConfig
                0x0000000008007ba0      0x104 build_snake/stm32l1xx_adc.o
                0x0000000008007ba0                ADC_RegularChannelConfig
 .text.ADC_SoftwareStartConv
                0x0000000008007ca4        0xa build_snake/stm32l1xx_adc.o
                0x0000000008007ca4                ADC_SoftwareStartConv
 .text.ADC_GetConversionValue
                0x0000000008007cae        0x6 build_snake/stm32l1xx_adc.o
                0x0000000008007cae                ADC_GetConversionValue
 .text.ADC_GetFlagStatus
                0x0000000008007cb4        0xc build_snake/stm32l1xx_adc.o
                0x0000000008007cb4                ADC_GetFlagStatus
 .text.PWR_UltraLowPowerCmd
                0x0000000008007cc0        0xc build_snake/stm32l1xx_pwr.o
                0x0000000008007cc0                PWR_UltraLowPowerCmd
 .text.PWR_EnterSTOPMode
                0x0000000008007ccc       0x34 build_snake/stm32l1xx_pwr.o
                0x0000000008007ccc                PWR_EnterSTOPMode
 .text.FLASH_Lock
                0x0000000008007d00       0x10 build_snake/stm32l1xx_flash.o
                0x0000000008007d00                FLASH_Lock
 .text.DATA_EEPROM_Unlock
                0x0000000008007d10       0x20 build_snake/stm32l1xx_flash.o
                0x0000000008007d10                DATA_EEPROM_Unlock
 .text.FLASH_Unlock
                0x0000000008007d30       0x2c build_snake/stm32l1xx_flash.o
                0x0000000008007d30                FLASH_Unlock
 .text.DATA_EEPROM_Lock
                0x0000000008007d5c       0x10 build_snake/stm32l1xx_flash.o
                0x0000000008007d5c                DATA_EEPROM_Lock
 .text.FLASH_OB_Unlock
                0x0000000008007d6c       0x2c build_snake/stm32l1xx_flash.o
                0x0000000008007d6c                FLASH_OB_Unlock
 .text.FLASH_OB_Launch
                0x0000000008007d98       0x10 build_snake/stm32l1xx_flash.o
                0x0000000008007d98                FLASH_OB_Launch
 .text.FLASH_OB_GetBOR
                0x0000000008007da8       0x10 build_snake/stm32l1xx_flash.o
                0x0000000008007da8                FLASH_OB_GetBOR
 .text.FLASH_ClearFlag
                0x0000000008007db8        0xc build_snake/stm32l1xx_flash.o
                0x0000000008007db8                FLASH_ClearFlag
 .text.FLASH_GetStatus
                0x0000000008007dc4       0x28 build_snake/stm32l1xx_flash.o
                0x0000000008007dc4                FLASH_GetStatus
 .text.FLASH_WaitForLastOperation
                0x0000000008007dec       0x3c build_snake/stm32l1xx_flash.o
                0x0000000008007dec                FLASH_WaitForLastOperation
 .text.FLASH_ErasePage
                0x0000000008007e28       0x44 build_snake/stm32l1xx_flash.o
                0x0000000008007e28                FLASH_ErasePage
 .text.FLASH_FastProgramWord
                0x0000000008007e6c       0x22 build_snake/stm32l1xx_flash.o
                0x0000000008007e6c                FLASH_FastProgramWord
 .text.DATA_EEPROM_EraseWord
                0x0000000008007e8e       0x16 build_snake/stm32l1xx_flash.o
                0x0000000008007e8e                DATA_EEPROM_EraseWord
 .text.DATA_EEPROM_FastProgramWord
                0x0000000008007ea4       0x30 build_snake/stm32l1xx_flash.o
                0x0000000008007ea4                DATA_EEPROM_FastProgramWord
 .text.DATA_EEPROM_ProgramByte
                0x0000000008007ed4       0x4c build_snake/stm32l1xx_flash.o
                0x0000000008007ed4                DATA_EEPROM_ProgramByte
 .text.FLASH_OB_BORConfig
                0x0000000008007f20       0x3c build_snake/stm32l1xx_flash.o
                0x0000000008007f20                FLASH_OB_BORConfig
 .text.IWDG_WriteAccessCmd
                0x0000000008007f5c        0xc build_snake/stm32l1xx_iwdg.o
                0x0000000008007f5c                IWDG_WriteAccessCmd
 .text.IWDG_SetPrescaler
                0x0000000008007f68        0xc build_snake/stm32l1xx_iwdg.o
                0x0000000008007f68                IWDG_SetPrescaler
 .text.IWDG_SetReload
                0x0000000008007f74        0xc build_snake/stm32l1xx_iwdg.o
                0x0000000008007f74                IWDG_SetReload
 .text.IWDG_ReloadCounter
                0x0000000008007f80       0x10 build_snake/stm32l1xx_iwdg.o
                0x0000000008007f80                IWDG_ReloadCounter
 .text.IWDG_Enable
                0x0000000008007f90       0x10 build_snake/stm32l1xx_iwdg.o
                0x0000000008007f90                IWDG_Enable
 .text.I2C_SendData
                0x0000000008007fa0        0x4 build_snake/stm32l1xx_i2c.o
                0x0000000008007fa0                I2C_SendData
 .text.I2C_CheckEvent
                0x0000000008007fa4       0x18 build_snake/stm32l1xx_i2c.o
                0x0000000008007fa4                I2C_CheckEvent
 .text.disable_interrupts
                0x0000000008007fbc       0x10 build_snake/platform.o
                0x0000000008007fbc                disable_interrupts
 .text.entry_critical
                0x0000000008007fcc       0x14 build_snake/platform.o
                0x0000000008007fcc                entry_critical
 .text.exit_critical
                0x0000000008007fe0       0x30 build_snake/platform.o
                0x0000000008007fe0                exit_critical
 .text.default_handler
                0x0000000008008010       0x1c build_snake/system.o
                0x0000000008008010                svc_handler
                0x0000000008008010                default_handler
                0x0000000008008010                dg_monitor_handler
                0x0000000008008010                pendsv_handler
 .text.nmi_handler
                0x000000000800802c       0x1c build_snake/system.o
                0x000000000800802c                nmi_handler
 .text.hard_fault_handler
                0x0000000008008048       0x1c build_snake/system.o
                0x0000000008008048                hard_fault_handler
 .text.mem_manage_handler
                0x0000000008008064       0x1c build_snake/system.o
                0x0000000008008064                mem_manage_handler
 .text.bus_fault_handler
                0x0000000008008080       0x1c build_snake/system.o
                0x0000000008008080                bus_fault_handler
 .text.usage_fault_handler
                0x000000000800809c       0x1c build_snake/system.o
                0x000000000800809c                usage_fault_handler
 .text.systick_handler
                0x00000000080080b8       0x40 build_snake/system.o
                0x00000000080080b8                systick_handler
 .text.uart1_irq
                0x00000000080080f8       0x64 build_snake/system.o
                0x00000000080080f8                uart1_irq
 .text.exti_line1_irq
                0x000000000800815c       0x1c build_snake/system.o
                0x000000000800815c                exti_line1_irq
 .text.timer7_irq
                0x0000000008008178       0x24 build_snake/system.o
                0x0000000008008178                timer7_irq
 .text.sys_ctrl_delay
                0x000000000800819c        0xc build_snake/system.o
                0x000000000800819c                sys_ctrl_delay
 .text.sys_ctrl_millis
                0x00000000080081a8       0x1c build_snake/system.o
                0x00000000080081a8                sys_ctrl_millis
 .text._init    0x00000000080081c4        0x2 build_snake/system.o
                0x00000000080081c4                _init
 .text._fini    0x00000000080081c6        0x2 build_snake/system.o
                0x00000000080081c6                _fini
 .text.sys_stack_count_init
                0x00000000080081c8       0x3c build_snake/system.o
                0x00000000080081c8                sys_stack_count_init
 .text.reset_handler
                0x0000000008008204       0xc8 build_snake/system.o
                0x0000000008008204                reset_handler
 .text.sys_stack_usage
                0x00000000080082cc       0x20 build_snake/system.o
                0x00000000080082cc                sys_stack_usage
 .text.sys_stack_get_size
                0x00000000080082ec        0xc build_snake/system.o
                0x00000000080082ec                sys_stack_get_size
 .text.sys_ctrl_shell_put_char_block
                0x00000000080082f8       0x2c build_snake/sys_cfg.o
                0x00000000080082f8                sys_ctrl_shell_put_char_block
 .text.sys_cfg_clock
                0x0000000008008324       0x22 build_snake/sys_cfg.o
                0x0000000008008324                sys_cfg_clock
 *fill*         0x0000000008008346        0x2 
 .text.sys_cfg_tick
                0x0000000008008348       0x50 build_snake/sys_cfg.o
                0x0000000008008348                sys_cfg_tick
 .text.sys_cfg_svc
                0x0000000008008398       0x30 build_snake/sys_cfg.o
                0x0000000008008398                sys_cfg_svc
 .text.sys_cfg_pendsv
                0x00000000080083c8       0x34 build_snake/sys_cfg.o
                0x00000000080083c8                sys_cfg_pendsv
 .text.sys_cfg_update_info
                0x00000000080083fc      0x108 build_snake/sys_cfg.o
                0x00000000080083fc                sys_cfg_update_info
 .text.sys_ctrl_shell_sw_to_block
                0x0000000008008504       0x38 build_snake/sys_cfg.o
                0x0000000008008504                sys_ctrl_shell_sw_to_block
 .text.sys_cfg_console
                0x000000000800853c       0xd8 build_snake/sys_cfg.o
                0x000000000800853c                sys_cfg_console
 .text.sys_ctrl_shell_get_char
                0x0000000008008614       0x34 build_snake/sys_cfg.o
                0x0000000008008614                sys_ctrl_shell_get_char
 .text.sys_ctrl_reset
                0x0000000008008648       0x20 build_snake/sys_cfg.o
                0x0000000008008648                sys_ctrl_reset
 .text.sys_ctrl_delay_us
                0x0000000008008668       0x58 build_snake/sys_cfg.o
                0x0000000008008668                sys_ctrl_delay_us
 .text.sys_ctrl_delay_ms
                0x00000000080086c0       0x1e build_snake/sys_cfg.o
                0x00000000080086c0                sys_ctrl_delay_ms
 *fill*         0x00000000080086de        0x2 
 .text.sys_ctr_stop_mcu
                0x00000000080086e0       0xa8 build_snake/sys_cfg.o
                0x00000000080086e0                sys_ctr_stop_mcu
 .text.sys_ctrl_independent_watchdog_init
                0x0000000008008788       0x24 build_snake/sys_cfg.o
                0x0000000008008788                sys_ctrl_independent_watchdog_init
 .text.sys_ctrl_independent_watchdog_reset
                0x00000000080087ac       0x12 build_snake/sys_cfg.o
                0x00000000080087ac                sys_ctrl_independent_watchdog_reset
 *fill*         0x00000000080087be        0x2 
 .text.sys_ctrl_soft_watchdog_init
                0x00000000080087c0       0x68 build_snake/sys_cfg.o
                0x00000000080087c0                sys_ctrl_soft_watchdog_init
 .text.sys_ctrl_soft_watchdog_reset
                0x0000000008008828       0x18 build_snake/sys_cfg.o
                0x0000000008008828                sys_ctrl_soft_watchdog_reset
 .text.sys_ctrl_soft_watchdog_increase_counter
                0x0000000008008840       0x40 build_snake/sys_cfg.o
                0x0000000008008840                sys_ctrl_soft_watchdog_increase_counter
 .text.sys_ctrl_get_firmware_info
                0x0000000008008880       0x40 build_snake/sys_cfg.o
                0x0000000008008880                sys_ctrl_get_firmware_info
 .text.task_irq_io_entry_trigger
                0x00000000080088c0        0x2 build_snake/sys_cfg.o
                0x00000000080088c0                task_irq_io_entry_trigger
 .text.task_irq_io_exit_trigger
                0x00000000080088c2        0x2 build_snake/sys_cfg.o
                0x00000000080088c2                task_irq_io_exit_trigger
 .text.io_button_mode_init
                0x00000000080088c4       0x28 build_snake/io_cfg.o
                0x00000000080088c4                io_button_mode_init
 .text.io_button_up_init
                0x00000000080088ec       0x28 build_snake/io_cfg.o
                0x00000000080088ec                io_button_up_init
 .text.io_button_down_init
                0x0000000008008914       0x28 build_snake/io_cfg.o
                0x0000000008008914                io_button_down_init
 .text.io_button_mode_read
                0x000000000800893c        0xc build_snake/io_cfg.o
                0x000000000800893c                io_button_mode_read
 .text.io_button_up_read
                0x0000000008008948       0x10 build_snake/io_cfg.o
                0x0000000008008948                io_button_up_read
 .text.io_button_down_read
                0x0000000008008958        0xc build_snake/io_cfg.o
                0x0000000008008958                io_button_down_read
 .text.led_life_init
                0x0000000008008964       0x28 build_snake/io_cfg.o
                0x0000000008008964                led_life_init
 .text.led_life_on
                0x000000000800898c       0x10 build_snake/io_cfg.o
                0x000000000800898c                led_life_on
 .text.led_life_off
                0x000000000800899c       0x10 build_snake/io_cfg.o
                0x000000000800899c                led_life_off
 .text.flash_io_ctrl_init
                0x00000000080089ac       0x28 build_snake/io_cfg.o
                0x00000000080089ac                flash_io_ctrl_init
 .text.flash_cs_low
                0x00000000080089d4       0x10 build_snake/io_cfg.o
                0x00000000080089d4                flash_cs_low
 .text.flash_cs_high
                0x00000000080089e4       0x10 build_snake/io_cfg.o
                0x00000000080089e4                flash_cs_high
 .text.flash_transfer
                0x00000000080089f4       0x98 build_snake/io_cfg.o
                0x00000000080089f4                flash_transfer
 .text.io_cfg_adc1
                0x0000000008008a8c       0x48 build_snake/io_cfg.o
                0x0000000008008a8c                io_cfg_adc1
 .text.adc_bat_io_cfg
                0x0000000008008ad4       0x2c build_snake/io_cfg.o
                0x0000000008008ad4                adc_bat_io_cfg
 .text.sys_ctr_get_vbat_voltage
                0x0000000008008b00       0x90 build_snake/io_cfg.o
                0x0000000008008b00                sys_ctr_get_vbat_voltage
 .text.sys_ctr_get_mcu_temperature
                0x0000000008008b90       0x6c build_snake/io_cfg.o
                0x0000000008008b90                sys_ctr_get_mcu_temperature
 .text.oled_clk_input_mode
                0x0000000008008bfc       0x28 build_snake/io_cfg.o
                0x0000000008008bfc                oled_clk_input_mode
 .text.oled_clk_output_mode
                0x0000000008008c24       0x28 build_snake/io_cfg.o
                0x0000000008008c24                oled_clk_output_mode
 .text.oled_clk_digital_write_low
                0x0000000008008c4c       0x10 build_snake/io_cfg.o
                0x0000000008008c4c                oled_clk_digital_write_low
 .text.oled_clk_digital_write_high
                0x0000000008008c5c       0x10 build_snake/io_cfg.o
                0x0000000008008c5c                oled_clk_digital_write_high
 .text.oled_data_input_mode
                0x0000000008008c6c       0x28 build_snake/io_cfg.o
                0x0000000008008c6c                oled_data_input_mode
 .text.oled_data_output_mode
                0x0000000008008c94       0x28 build_snake/io_cfg.o
                0x0000000008008c94                oled_data_output_mode
 .text.oled_data_digital_write_low
                0x0000000008008cbc       0x10 build_snake/io_cfg.o
                0x0000000008008cbc                oled_data_digital_write_low
 .text.oled_data_digital_write_high
                0x0000000008008ccc       0x10 build_snake/io_cfg.o
                0x0000000008008ccc                oled_data_digital_write_high
 .text.oled_res_input_mode
                0x0000000008008cdc       0x28 build_snake/io_cfg.o
                0x0000000008008cdc                oled_res_input_mode
 .text.oled_res_output_mode
                0x0000000008008d04       0x28 build_snake/io_cfg.o
                0x0000000008008d04                oled_res_output_mode
 .text.oled_res_digital_write_low
                0x0000000008008d2c       0x10 build_snake/io_cfg.o
                0x0000000008008d2c                oled_res_digital_write_low
 .text.oled_res_digital_write_high
                0x0000000008008d3c       0x10 build_snake/io_cfg.o
                0x0000000008008d3c                oled_res_digital_write_high
 .text.io_eeprom_read
                0x0000000008008d4c       0x34 build_snake/io_cfg.o
                0x0000000008008d4c                io_eeprom_read
 .text.io_eeprom_erase
                0x0000000008008d80       0x4c build_snake/io_cfg.o
                0x0000000008008d80                io_eeprom_erase
 .text.internal_flash_unlock
                0x0000000008008dcc       0x12 build_snake/io_cfg.o
                0x0000000008008dcc                internal_flash_unlock
 .text.internal_flash_lock
                0x0000000008008dde        0x4 build_snake/io_cfg.o
                0x0000000008008dde                internal_flash_lock
 .text.internal_flash_erase_pages_cal
                0x0000000008008de2       0x24 build_snake/io_cfg.o
                0x0000000008008de2                internal_flash_erase_pages_cal
 .text.internal_flash_write_cal
                0x0000000008008e06       0x48 build_snake/io_cfg.o
                0x0000000008008e06                internal_flash_write_cal
 *fill*         0x0000000008008e4e        0x2 
 .text.io_uart2_cfg
                0x0000000008008e50       0xbc build_snake/io_cfg.o
                0x0000000008008e50                io_uart2_cfg
 .text.io_uart_rs485_cfg
                0x0000000008008f0c       0x78 build_snake/io_cfg.o
                0x0000000008008f0c                io_uart_rs485_cfg
 .text.io_rs485_dir_mode_output
                0x0000000008008f84       0x30 build_snake/io_cfg.o
                0x0000000008008f84                io_rs485_dir_mode_output
 .text.io_rs485_dir_low
                0x0000000008008fb4        0xc build_snake/io_cfg.o
                0x0000000008008fb4                io_rs485_dir_low
 .text.io_rs485_dir_high
                0x0000000008008fc0        0xc build_snake/io_cfg.o
                0x0000000008008fc0                io_rs485_dir_high
 .text.SystemInit
                0x0000000008008fcc      0x114 build_snake/system_stm32l1xx.o
                0x0000000008008fcc                SystemInit
 .text.SystemCoreClockUpdate
                0x00000000080090e0       0x88 build_snake/system_stm32l1xx.o
                0x00000000080090e0                SystemCoreClockUpdate
 .text.startup._GLOBAL__sub_I_dyn_view_idle
                0x0000000008009168       0x10 build_snake/scr_idle.o
 .text.exit._GLOBAL__sub_D_dyn_view_idle
                0x0000000008009178       0x10 build_snake/scr_idle.o
 .text._ZL16view_scr_startupv
                0x0000000008009188       0x94 build_snake/scr_startup.o
 .text._Z18scr_startup_handleP8ak_msg_t
                0x000000000800921c       0x58 build_snake/scr_startup.o
                0x000000000800921c                scr_startup_handle(ak_msg_t*)
 .text._Z11task_systemP8ak_msg_t
                0x0000000008009274       0x44 build_snake/task_system.o
                0x0000000008009274                task_system(ak_msg_t*)
 .text.main_app
                0x00000000080092b8      0x294 build_snake/app.o
                0x00000000080092b8                main_app
 .text._Z19task_polling_zigbeev
                0x000000000800954c        0x2 build_snake/app.o
                0x000000000800954c                task_polling_zigbee()
 *fill*         0x000000000800954e        0x2 
 .text._Z20task_polling_consolev
                0x0000000008009550       0xd8 build_snake/app.o
                0x0000000008009550                task_polling_console()
 .text.sys_irq_timer_10ms
                0x0000000008009628       0x24 build_snake/app.o
                0x0000000008009628                sys_irq_timer_10ms
 .text._Z17btn_mode_callbackPv
                0x000000000800964c       0x44 build_snake/app_bsp.o
                0x000000000800964c                btn_mode_callback(void*)
 .text._Z15btn_up_callbackPv
                0x0000000008009690       0x44 build_snake/app_bsp.o
                0x0000000008009690                btn_up_callback(void*)
 .text._Z17btn_down_callbackPv
                0x00000000080096d4       0x44 build_snake/app_bsp.o
                0x00000000080096d4                btn_down_callback(void*)
 .text._Z22updateDataModbusDeviceP21ModbusDeviceStructure
                0x0000000008009718       0xc4 build_snake/app_modbus_pull.o
                0x0000000008009718                updateDataModbusDevice(ModbusDeviceStructure*)
 .text._ZL19str_parser_get_attrh
                0x00000000080097dc       0x1c build_snake/shell.o
 .text._Z9shell_sttPh
                0x00000000080097f8        0x4 build_snake/shell.o
                0x00000000080097f8                shell_stt(unsigned char*)
 .text._Z9shell_psvPh
                0x00000000080097fc       0x14 build_snake/shell.o
                0x00000000080097fc                shell_psv(unsigned char*)
 .text._Z11shell_resetPh
                0x0000000008009810       0x10 build_snake/shell.o
                0x0000000008009810                shell_reset(unsigned char*)
 .text._Z10shell_helpPh
                0x0000000008009820       0x30 build_snake/shell.o
                0x0000000008009820                shell_help(unsigned char*)
 .text._Z9shell_verPh
                0x0000000008009850      0x118 build_snake/shell.o
                0x0000000008009850                shell_ver(unsigned char*)
 .text._Z12shell_rebootPh
                0x0000000008009968       0x10 build_snake/shell.o
                0x0000000008009968                shell_reboot(unsigned char*)
 .text._ZL10str_parserPc
                0x0000000008009978       0x60 build_snake/shell.o
 .text._Z11shell_fatalPh
                0x00000000080099d8      0x2f4 build_snake/shell.o
                0x00000000080099d8                shell_fatal(unsigned char*)
 .text._Z11shell_flashPh
                0x0000000008009ccc      0x150 build_snake/shell.o
                0x0000000008009ccc                shell_flash(unsigned char*)
 .text._Z9shell_epsPh
                0x0000000008009e1c       0xd0 build_snake/shell.o
                0x0000000008009e1c                shell_eps(unsigned char*)
 .text._Z9shell_ramPh
                0x0000000008009eec      0x20c build_snake/shell.o
                0x0000000008009eec                shell_ram(unsigned char*)
 .text._Z10shell_bootPh
                0x000000000800a0f8       0xdc build_snake/shell.o
                0x000000000800a0f8                shell_boot(unsigned char*)
 .text._Z9shell_fwuPh
                0x000000000800a1d4       0x34 build_snake/shell.o
                0x000000000800a1d4                shell_fwu(unsigned char*)
 .text._Z12shell_buzzerPh
                0x000000000800a208       0x88 build_snake/shell.o
                0x000000000800a208                shell_buzzer(unsigned char*)
 .text._Z9shell_dbgPh
                0x000000000800a290       0x38 build_snake/shell.o
                0x000000000800a290                shell_dbg(unsigned char*)
 .text._Z12shell_modbusPh
                0x000000000800a2c8       0xe0 build_snake/shell.o
                0x000000000800a2c8                shell_modbus(unsigned char*)
 .text._Z9shell_epiPh
                0x000000000800a3a8        0x4 build_snake/shell.o
                0x000000000800a3a8                shell_epi(unsigned char*)
 .text._Z9shell_lcdPh
                0x000000000800a3ac      0x15c build_snake/shell.o
                0x000000000800a3ac                shell_lcd(unsigned char*)
 .text.sys_irq_shell
                0x000000000800a508       0x2c build_snake/task_shell.o
                0x000000000800a508                sys_irq_shell
 .text._Z10task_shellP8ak_msg_t
                0x000000000800a534       0x7c build_snake/task_shell.o
                0x000000000800a534                task_shell(ak_msg_t*)
 .text._Z9task_lifeP8ak_msg_t
                0x000000000800a5b0       0x20 build_snake/task_life.o
                0x000000000800a5b0                task_life(ak_msg_t*)
 .text._Z7task_fwP8ak_msg_t
                0x000000000800a5d0      0x490 build_snake/task_fw.o
                0x000000000800a5d0                task_fw(ak_msg_t*)
 .text._Z12task_displayP8ak_msg_t
                0x000000000800aa60        0x4 build_snake/task_display.o
                0x000000000800aa60                task_display(ak_msg_t*)
 .text._Z7task_ifP8ak_msg_t
                0x000000000800aa64       0xe4 build_snake/task_if.o
                0x000000000800aa64                task_if(ak_msg_t*)
 .text._Z12task_rf24_ifP8ak_msg_t
                0x000000000800ab48        0x2 build_snake/task_rf24_if.o
                0x000000000800ab48                task_rf24_if(ak_msg_t*)
 *fill*         0x000000000800ab4a        0x2 
 .text._Z12task_uart_ifP8ak_msg_t
                0x000000000800ab4c       0xc0 build_snake/task_uart_if.o
                0x000000000800ab4c                task_uart_if(ak_msg_t*)
 .text._Z8task_dbgP8ak_msg_t
                0x000000000800ac0c        0x2 build_snake/task_dbg.o
                0x000000000800ac0c                task_dbg(ak_msg_t*)
 .text._ZL19view_render_dynamicPv
                0x000000000800ac0e        0xa build_snake/view_render.o
 .text._Z22view_render_display_onv
                0x000000000800ac18        0xc build_snake/view_render.o
                0x000000000800ac18                view_render_display_on()
 .text.startup._GLOBAL__sub_I_view_render
                0x000000000800ac24        0xc build_snake/view_render.o
 .text.exit._GLOBAL__sub_D_view_render
                0x000000000800ac30        0xc build_snake/view_render.o
 .text._Z18view_render_screenP13view_screen_t
                0x000000000800ac3c       0x68 build_snake/view_render.o
                0x000000000800ac3c                view_render_screen(view_screen_t*)
 .text._ZL21view_render_rectanglePv
                0x000000000800aca4       0xe8 build_snake/view_render.o
 .text._Z12scr_mng_ctorP9scr_mng_tPFvP8ak_msg_tEP13view_screen_t
                0x000000000800ad8c       0x20 build_snake/screen_manager.o
                0x000000000800ad8c                scr_mng_ctor(scr_mng_t*, void (*)(ak_msg_t*), view_screen_t*)
 .text._Z16scr_mng_dispatchP8ak_msg_t
                0x000000000800adac       0x48 build_snake/screen_manager.o
                0x000000000800adac                scr_mng_dispatch(ak_msg_t*)
 .text._Z12scr_mng_tranPFvP8ak_msg_tEP13view_screen_t
                0x000000000800adf4       0x44 build_snake/screen_manager.o
                0x000000000800adf4                scr_mng_tran(void (*)(ak_msg_t*), view_screen_t*)
 .text._ZN12Adafruit_GFX8drawLineEsssst
                0x000000000800ae38       0xbe build_snake/Adafruit_GFX.o
                0x000000000800ae38                Adafruit_GFX::drawLine(short, short, short, short, unsigned short)
 .text._ZN12Adafruit_GFX8drawRectEsssst
                0x000000000800aef6       0x68 build_snake/Adafruit_GFX.o
                0x000000000800aef6                Adafruit_GFX::drawRect(short, short, short, short, unsigned short)
 .text._ZN12Adafruit_GFX13drawFastVLineEssst
                0x000000000800af5e       0x1c build_snake/Adafruit_GFX.o
                0x000000000800af5e                Adafruit_GFX::drawFastVLine(short, short, short, unsigned short)
 .text._ZN12Adafruit_GFX13drawFastHLineEssst
                0x000000000800af7a       0x1a build_snake/Adafruit_GFX.o
                0x000000000800af7a                Adafruit_GFX::drawFastHLine(short, short, short, unsigned short)
 .text._ZN12Adafruit_GFX8fillRectEsssst
                0x000000000800af94       0x38 build_snake/Adafruit_GFX.o
                0x000000000800af94                Adafruit_GFX::fillRect(short, short, short, short, unsigned short)
 .text._ZN12Adafruit_GFX10fillScreenEt
                0x000000000800afcc       0x1c build_snake/Adafruit_GFX.o
                0x000000000800afcc                Adafruit_GFX::fillScreen(unsigned short)
 .text._ZN12Adafruit_GFXC2Ess
                0x000000000800afe8       0x28 build_snake/Adafruit_GFX.o
                0x000000000800afe8                Adafruit_GFX::Adafruit_GFX(short, short)
                0x000000000800afe8                Adafruit_GFX::Adafruit_GFX(short, short)
 .text._ZN12Adafruit_GFX10drawBitmapEssPKhsst
                0x000000000800b010       0x92 build_snake/Adafruit_GFX.o
                0x000000000800b010                Adafruit_GFX::drawBitmap(short, short, unsigned char const*, short, short, unsigned short)
 *fill*         0x000000000800b0a2        0x2 
 .text._ZN12Adafruit_GFX8drawCharEsshtth
                0x000000000800b0a4      0x108 build_snake/Adafruit_GFX.o
                0x000000000800b0a4                Adafruit_GFX::drawChar(short, short, unsigned char, unsigned short, unsigned short, unsigned char)
 .text._ZN12Adafruit_GFX5writeEh
                0x000000000800b1ac       0x64 build_snake/Adafruit_GFX.o
                0x000000000800b1ac                Adafruit_GFX::write(unsigned char)
 .text._ZN12Adafruit_GFX9setCursorEss
                0x000000000800b210        0x6 build_snake/Adafruit_GFX.o
                0x000000000800b210                Adafruit_GFX::setCursor(short, short)
 .text._ZN12Adafruit_GFX11setTextSizeEh
                0x000000000800b216        0xa build_snake/Adafruit_GFX.o
                0x000000000800b216                Adafruit_GFX::setTextSize(unsigned char)
 .text._ZN12Adafruit_GFX12setTextColorEt
                0x000000000800b220        0x6 build_snake/Adafruit_GFX.o
                0x000000000800b220                Adafruit_GFX::setTextColor(unsigned short)
 .text._ZN12Adafruit_GFX5widthEv
                0x000000000800b226        0x6 build_snake/Adafruit_GFX.o
                0x000000000800b226                Adafruit_GFX::width()
 .text._ZN12Adafruit_GFX6heightEv
                0x000000000800b22c        0x6 build_snake/Adafruit_GFX.o
                0x000000000800b22c                Adafruit_GFX::height()
 .text._ZN17Adafruit_oled_drv9updateRowEii
                0x000000000800b232       0x1e build_snake/Adafruit_oled_drv.o
                0x000000000800b232                Adafruit_oled_drv::updateRow(int, int)
 .text._ZN17Adafruit_oled_drv9drawPixelEsst
                0x000000000800b250       0x52 build_snake/Adafruit_oled_drv.o
                0x000000000800b250                Adafruit_oled_drv::drawPixel(short, short, unsigned short)
 *fill*         0x000000000800b2a2        0x2 
 .text._ZN17Adafruit_oled_drvC2Ev
                0x000000000800b2a4       0x28 build_snake/Adafruit_oled_drv.o
                0x000000000800b2a4                Adafruit_oled_drv::Adafruit_oled_drv()
                0x000000000800b2a4                Adafruit_oled_drv::Adafruit_oled_drv()
 .text._ZN17Adafruit_oled_drvD2Ev
                0x000000000800b2cc        0x2 build_snake/Adafruit_oled_drv.o
                0x000000000800b2cc                Adafruit_oled_drv::~Adafruit_oled_drv()
                0x000000000800b2cc                Adafruit_oled_drv::~Adafruit_oled_drv()
 .text._ZN17Adafruit_oled_drv5clearEb
                0x000000000800b2ce       0x22 build_snake/Adafruit_oled_drv.o
                0x000000000800b2ce                Adafruit_oled_drv::clear(bool)
 .text._ZN17Adafruit_oled_drv9writeByteEh
                0x000000000800b2f0       0x54 build_snake/Adafruit_oled_drv.o
                0x000000000800b2f0                Adafruit_oled_drv::writeByte(unsigned char)
 .text._ZN17Adafruit_oled_drv8startIICEv
                0x000000000800b344       0x2c build_snake/Adafruit_oled_drv.o
                0x000000000800b344                Adafruit_oled_drv::startIIC()
 .text._ZN17Adafruit_oled_drv7stopIICEv
                0x000000000800b370       0x2c build_snake/Adafruit_oled_drv.o
                0x000000000800b370                Adafruit_oled_drv::stopIIC()
 .text._ZN17Adafruit_oled_drv12writeCommandEh
                0x000000000800b39c       0x2c build_snake/Adafruit_oled_drv.o
                0x000000000800b39c                Adafruit_oled_drv::writeCommand(unsigned char)
 .text._ZN17Adafruit_oled_drv10initializeEv
                0x000000000800b3c8      0x120 build_snake/Adafruit_oled_drv.o
                0x000000000800b3c8                Adafruit_oled_drv::initialize()
 .text._ZN17Adafruit_oled_drv10display_onEv
                0x000000000800b4e8        0x6 build_snake/Adafruit_oled_drv.o
                0x000000000800b4e8                Adafruit_oled_drv::display_on()
 .text._ZN17Adafruit_oled_drv11display_offEv
                0x000000000800b4ee        0x6 build_snake/Adafruit_oled_drv.o
                0x000000000800b4ee                Adafruit_oled_drv::display_off()
 .text._ZN17Adafruit_oled_drv17startDataSequenceEv
                0x000000000800b4f4       0x1c build_snake/Adafruit_oled_drv.o
                0x000000000800b4f4                Adafruit_oled_drv::startDataSequence()
 .text._ZN17Adafruit_oled_drv6updateEv
                0x000000000800b510       0x70 build_snake/Adafruit_oled_drv.o
                0x000000000800b510                Adafruit_oled_drv::update()
 .text._ZN17Adafruit_oled_drv9updateRowEi
                0x000000000800b580       0x6c build_snake/Adafruit_oled_drv.o
                0x000000000800b580                Adafruit_oled_drv::updateRow(int)
 .text.eeprom_read
                0x000000000800b5ec        0x4 build_snake/eeprom.o
                0x000000000800b5ec                eeprom_read
 .text.eeprom_erase
                0x000000000800b5f0        0x4 build_snake/eeprom.o
                0x000000000800b5f0                eeprom_erase
 .text._ZL19link_hal_write_byteh
                0x000000000800b5f4        0x2 build_snake/link_hal.o
 .text._ZL17link_hal_rev_byteh
                0x000000000800b5f6        0x4 build_snake/link_hal.o
 *fill*         0x000000000800b5fa        0x2 
 .text._Z23link_hal_reg_write_bytePFhhE
                0x000000000800b5fc       0x28 build_snake/link_hal.o
                0x000000000800b5fc                link_hal_reg_write_byte(unsigned char (*)(unsigned char))
 .text._Z21link_hal_reg_rev_bytePFhhE
                0x000000000800b624       0x28 build_snake/link_hal.o
                0x000000000800b624                link_hal_reg_rev_byte(unsigned char (*)(unsigned char))
 .text._ZL21fsm_link_state_handleP8ak_msg_t
                0x000000000800b64c      0x2b0 build_snake/link.o
 .text._ZL19fsm_link_state_initP8ak_msg_t
                0x000000000800b8fc       0x80 build_snake/link.o
 .text._Z9task_linkP8ak_msg_t
                0x000000000800b97c        0xc build_snake/link.o
                0x000000000800b97c                task_link(ak_msg_t*)
 .text._Z23link_init_state_machinev
                0x000000000800b988       0x2c build_snake/link.o
                0x000000000800b988                link_init_state_machine()
 .text._ZL23link_mac_frame_send_reqv
                0x000000000800b9b4       0x3c build_snake/link_mac.o
 .text._ZL23link_mac_frame_send_endv
                0x000000000800b9f0       0x34 build_snake/link_mac.o
 .text._ZL28link_mac_frame_cals_checksumP16link_mac_frame_t.constprop.0
                0x000000000800ba24       0x38 build_snake/link_mac.o
 .text._Z25fsm_link_mac_state_handleP8ak_msg_t
                0x000000000800ba5c      0x2b8 build_snake/link_mac.o
                0x000000000800ba5c                fsm_link_mac_state_handle(ak_msg_t*)
 .text._Z13task_link_macP8ak_msg_t
                0x000000000800bd14        0xc build_snake/link_mac.o
                0x000000000800bd14                task_link_mac(ak_msg_t*)
 .text._Z23fsm_link_mac_state_initP8ak_msg_t
                0x000000000800bd20       0x88 build_snake/link_mac.o
                0x000000000800bd20                fsm_link_mac_state_init(ak_msg_t*)
 .text._ZL26link_phy_frame_write_blockPhm
                0x000000000800bda8       0x1c build_snake/link_phy.o
 .text._ZL20link_phy_frame_writeP16link_phy_frame_t
                0x000000000800bdc4       0x1c build_snake/link_phy.o
 .text._ZL28link_phy_frame_cals_checksumP16link_phy_frame_t
                0x000000000800bde0       0x38 build_snake/link_phy.o
 .text._ZL25link_phy_frame_write_byteh
                0x000000000800be18        0xc build_snake/link_phy.o
 .text._ZL26ac_link_phy_frame_rev_byteh
                0x000000000800be24      0x100 build_snake/link_phy.o
 .text._ZL19link_phy_frame_sendv
                0x000000000800bf24       0x2c build_snake/link_phy.o
 .text._Z25fsm_link_phy_state_handleP8ak_msg_t
                0x000000000800bf50      0x1f0 build_snake/link_phy.o
                0x000000000800bf50                fsm_link_phy_state_handle(ak_msg_t*)
 .text._Z13task_link_phyP8ak_msg_t
                0x000000000800c140        0xc build_snake/link_phy.o
                0x000000000800c140                task_link_phy(ak_msg_t*)
 .text._Z23fsm_link_phy_state_initP8ak_msg_t
                0x000000000800c14c       0x90 build_snake/link_phy.o
                0x000000000800c14c                fsm_link_phy_state_init(ak_msg_t*)
 .text._Z26link_phy_get_send_frame_tov
                0x000000000800c1dc       0x10 build_snake/link_phy.o
                0x000000000800c1dc                link_phy_get_send_frame_to()
 .text._Z13link_pdu_initv
                0x000000000800c1ec       0x54 build_snake/link_data.o
                0x000000000800c1ec                link_pdu_init()
 .text._Z15link_pdu_mallocv
                0x000000000800c240       0x24 build_snake/link_data.o
                0x000000000800c240                link_pdu_malloc()
 .text._Z12link_pdu_getm
                0x000000000800c264       0x3c build_snake/link_data.o
                0x000000000800c264                link_pdu_get(unsigned long)
 .text._Z13link_pdu_freem
                0x000000000800c2a0       0x4c build_snake/link_data.o
                0x000000000800c2a0                link_pdu_free(unsigned long)
 .text._Z17link_get_src_addrv
                0x000000000800c2ec       0x18 build_snake/link_data.o
                0x000000000800c2ec                link_get_src_addr()
 .text._Z17link_get_des_addrv
                0x000000000800c304       0x18 build_snake/link_data.o
                0x000000000800c304                link_get_des_addr()
 .text._Z7pinModehh
                0x000000000800c31c       0x84 build_snake/wiring_digital.o
                0x000000000800c31c                pinMode(unsigned char, unsigned char)
 .text._Z12digitalWritehh
                0x000000000800c3a0       0x78 build_snake/wiring_digital.o
                0x000000000800c3a0                digitalWrite(unsigned char, unsigned char)
 .text._ZN5Print5writeEPKhj
                0x000000000800c418       0x22 build_snake/Print.o
                0x000000000800c418                Print::write(unsigned char const*, unsigned int)
 .text._ZN5Print5writeEPKc
                0x000000000800c43a       0x20 build_snake/Print.o
                0x000000000800c43a                Print::write(char const*)
 .text._ZN5Print5printEPKc
                0x000000000800c45a        0x8 build_snake/Print.o
                0x000000000800c45a                Print::print(char const*)
 .text._ZN14HardwareSerial9availableEv
                0x000000000800c462        0xa build_snake/HardwareSerial.o
                0x000000000800c462                HardwareSerial::available()
 .text._ZN14HardwareSerial4peekEv
                0x000000000800c46c       0x14 build_snake/HardwareSerial.o
                0x000000000800c46c                HardwareSerial::peek()
 .text._ZN14HardwareSerial4readEv
                0x000000000800c480       0x20 build_snake/HardwareSerial.o
                0x000000000800c480                HardwareSerial::read()
 .text._ZN14HardwareSerial5flushEv
                0x000000000800c4a0        0x2 build_snake/HardwareSerial.o
                0x000000000800c4a0                HardwareSerial::flush()
 .text._ZN14HardwareSerial17availableForWriteEv
                0x000000000800c4a2       0x26 build_snake/HardwareSerial.o
                0x000000000800c4a2                HardwareSerial::availableForWrite()
 .text._ZN14HardwareSerial5writeEh
                0x000000000800c4c8       0x30 build_snake/HardwareSerial.o
                0x000000000800c4c8                HardwareSerial::write(unsigned char)
 .text._ZL20serial2_trigger_putcv
                0x000000000800c4f8       0x10 build_snake/HardwareSerial2.o
 .text.startup._GLOBAL__sub_I_Serial2
                0x000000000800c508       0x34 build_snake/HardwareSerial2.o
 .text._ZN8SPIClass9io_configEv
                0x000000000800c53c       0x68 build_snake/SPI.o
                0x000000000800c53c                SPIClass::io_config()
 .text._ZN8SPIClass5beginEv
                0x000000000800c5a4       0xd0 build_snake/SPI.o
                0x000000000800c5a4                SPIClass::begin()
 .text.startup._GLOBAL__sub_I__ZN8SPIClassC2Ev
                0x000000000800c674       0x14 build_snake/SPI.o
 .text._ZN7TwoWire9availableEv
                0x000000000800c688       0x14 build_snake/Wire.o
                0x000000000800c688                TwoWire::available()
 .text._ZN7TwoWire4readEv
                0x000000000800c69c       0x28 build_snake/Wire.o
                0x000000000800c69c                TwoWire::read()
 .text._ZN7TwoWire4peekEv
                0x000000000800c6c4       0x24 build_snake/Wire.o
                0x000000000800c6c4                TwoWire::peek()
 .text._ZN7TwoWire5flushEv
                0x000000000800c6e8        0x2 build_snake/Wire.o
                0x000000000800c6e8                TwoWire::flush()
 *fill*         0x000000000800c6ea        0x2 
 .text._ZN7TwoWire5writeEh
                0x000000000800c6ec       0x54 build_snake/Wire.o
                0x000000000800c6ec                TwoWire::write(unsigned char)
 .text._ZN7TwoWire5writeEPKhj
                0x000000000800c740       0x34 build_snake/Wire.o
                0x000000000800c740                TwoWire::write(unsigned char const*, unsigned int)
 .text.startup._GLOBAL__sub_I__ZN7TwoWire8rxBufferE
                0x000000000800c774       0x1c build_snake/Wire.o
 .text._Z12twi_transmitPKhh
                0x000000000800c790       0x44 build_snake/twi.o
                0x000000000800c790                twi_transmit(unsigned char const*, unsigned char)
 .text.__cxa_pure_virtual
                0x000000000800c7d4       0x1c build_snake/mini_cpp.o
                0x000000000800c7d4                __cxa_pure_virtual
 .text._Znwj    0x000000000800c7f0        0x4 build_snake/mini_cpp.o
                0x000000000800c7f0                operator new(unsigned int)
 .text._ZdlPv   0x000000000800c7f4        0x4 build_snake/mini_cpp.o
                0x000000000800c7f4                operator delete(void*)
 .text._sbrk    0x000000000800c7f8       0x1c build_snake/mini_cpp.o
                0x000000000800c7f8                _sbrk
 .text._Z11item_renderv
                0x000000000800c814       0x8c build_snake/title.o
                0x000000000800c814                item_render()
 .text._Z18change_menu_cursorP8ak_msg_t
                0x000000000800c8a0       0x48 build_snake/title.o
                0x000000000800c8a0                change_menu_cursor(ak_msg_t*)
 .text._Z14screen_managerv
                0x000000000800c8e8       0x28 build_snake/title.o
                0x000000000800c8e8                screen_manager()
 .text._Z13change_screenP8ak_msg_t
                0x000000000800c910        0xc build_snake/title.o
                0x000000000800c910                change_screen(ak_msg_t*)
 .text._Z16handle_scr_titleP8ak_msg_t
                0x000000000800c91c        0x2 build_snake/title.o
                0x000000000800c91c                handle_scr_title(ak_msg_t*)
 .text._Z10task_titleP8ak_msg_t
                0x000000000800c91e        0x2 build_snake/title.o
                0x000000000800c91e                task_title(ak_msg_t*)
 .text._Z16render_game_overv
                0x000000000800c920       0x28 build_snake/game.o
                0x000000000800c920                render_game_over()
 .text._Z17init_snake_coordsv
                0x000000000800c948       0x20 build_snake/game.o
                0x000000000800c948                init_snake_coords()
 .text._Z15task_draw_snakeP8ak_msg_t
                0x000000000800c968       0x14 build_snake/game.o
                0x000000000800c968                task_draw_snake(ak_msg_t*)
 .text._Z9task_gameP8ak_msg_t
                0x000000000800c97c        0x2 build_snake/game.o
                0x000000000800c97c                task_game(ak_msg_t*)
 *fill*         0x000000000800c97e        0x2 
 .text._Z14task_game_overP8ak_msg_t
                0x000000000800c980       0x14 build_snake/game.o
                0x000000000800c980                task_game_over(ak_msg_t*)
 .text._ZNSt6vectorI12snake_coordsSaIS0_EEC2EjRKS1_
                0x000000000800c994       0x68 build_snake/game.o
                0x000000000800c994                std::vector<snake_coords, std::allocator<snake_coords> >::vector(unsigned int, std::allocator<snake_coords> const&)
                0x000000000800c994                std::vector<snake_coords, std::allocator<snake_coords> >::vector(unsigned int, std::allocator<snake_coords> const&)
 .text.startup._GLOBAL__sub_I__Z17init_snake_coordsv
                0x000000000800c9fc       0x18 build_snake/game.o
 .text.exit._GLOBAL__sub_D__Z17init_snake_coordsv
                0x000000000800ca14       0x10 build_snake/game.o
 .text._Z10draw_snakev
                0x000000000800ca24       0xb0 build_snake/game.o
                0x000000000800ca24                draw_snake()
 .text._Z18render_game_screenv
                0x000000000800cad4       0x40 build_snake/game.o
                0x000000000800cad4                render_game_screen()
 .text.malloc   0x000000000800cb14       0x10 /home/vietanh/workspace/tools/gcc-arm-none-eabi-10.3-2021.10/arm-none-eabi/lib/thumb/v7-m/nofp/libc.a(lib_a-malloc.o)
                0x000000000800cb14                malloc
 .text.free     0x000000000800cb24       0x10 /home/vietanh/workspace/tools/gcc-arm-none-eabi-10.3-2021.10/arm-none-eabi/lib/thumb/v7-m/nofp/libc.a(lib_a-malloc.o)
                0x000000000800cb24                free
 .text._malloc_r
                0x000000000800cb34      0x558 /home/vietanh/workspace/tools/gcc-arm-none-eabi-10.3-2021.10/arm-none-eabi/lib/thumb/v7-m/nofp/libc.a(lib_a-mallocr.o)
                0x000000000800cb34                _malloc_r
 .text.memcmp   0x000000000800d08c       0x68 /home/vietanh/workspace/tools/gcc-arm-none-eabi-10.3-2021.10/arm-none-eabi/lib/thumb/v7-m/nofp/libc.a(lib_a-memcmp.o)
                0x000000000800d08c                memcmp
 .text.memset   0x000000000800d0f4       0xa4 /home/vietanh/workspace/tools/gcc-arm-none-eabi-10.3-2021.10/arm-none-eabi/lib/thumb/v7-m/nofp/libc.a(lib_a-memset.o)
                0x000000000800d0f4                memset
 .text.__malloc_lock
                0x000000000800d198        0xc /home/vietanh/workspace/tools/gcc-arm-none-eabi-10.3-2021.10/arm-none-eabi/lib/thumb/v7-m/nofp/libc.a(lib_a-mlock.o)
                0x000000000800d198                __malloc_lock
 .text.__malloc_unlock
                0x000000000800d1a4        0xc /home/vietanh/workspace/tools/gcc-arm-none-eabi-10.3-2021.10/arm-none-eabi/lib/thumb/v7-m/nofp/libc.a(lib_a-mlock.o)
                0x000000000800d1a4                __malloc_unlock
 .text.rand     0x000000000800d1b0       0x38 /home/vietanh/workspace/tools/gcc-arm-none-eabi-10.3-2021.10/arm-none-eabi/lib/thumb/v7-m/nofp/libc.a(lib_a-rand.o)
                0x000000000800d1b0                rand
 .text._sbrk_r  0x000000000800d1e8       0x24 /home/vietanh/workspace/tools/gcc-arm-none-eabi-10.3-2021.10/arm-none-eabi/lib/thumb/v7-m/nofp/libc.a(lib_a-sbrkr.o)
                0x000000000800d1e8                _sbrk_r
 .text.strcpy   0x000000000800d20c       0xbc /home/vietanh/workspace/tools/gcc-arm-none-eabi-10.3-2021.10/arm-none-eabi/lib/thumb/v7-m/nofp/libc.a(lib_a-strcpy.o)
                0x000000000800d20c                strcpy
 .text.strlen   0x000000000800d2c8       0x5c /home/vietanh/workspace/tools/gcc-arm-none-eabi-10.3-2021.10/arm-none-eabi/lib/thumb/v7-m/nofp/libc.a(lib_a-strlen-stub.o)
                0x000000000800d2c8                strlen
 .text._strtol_l.part.0
                0x000000000800d324      0x120 /home/vietanh/workspace/tools/gcc-arm-none-eabi-10.3-2021.10/arm-none-eabi/lib/thumb/v7-m/nofp/libc.a(lib_a-strtol.o)
 .text.strtol   0x000000000800d444       0x2c /home/vietanh/workspace/tools/gcc-arm-none-eabi-10.3-2021.10/arm-none-eabi/lib/thumb/v7-m/nofp/libc.a(lib_a-strtol.o)
                0x000000000800d444                strtol
 .text.__errno  0x000000000800d470        0xc /home/vietanh/workspace/tools/gcc-arm-none-eabi-10.3-2021.10/arm-none-eabi/lib/thumb/v7-m/nofp/libc.a(lib_a-errno.o)
                0x000000000800d470                __errno
 .text._malloc_trim_r
                0x000000000800d47c       0xa0 /home/vietanh/workspace/tools/gcc-arm-none-eabi-10.3-2021.10/arm-none-eabi/lib/thumb/v7-m/nofp/libc.a(lib_a-freer.o)
                0x000000000800d47c                _malloc_trim_r
 .text._free_r  0x000000000800d51c      0x200 /home/vietanh/workspace/tools/gcc-arm-none-eabi-10.3-2021.10/arm-none-eabi/lib/thumb/v7-m/nofp/libc.a(lib_a-freer.o)
                0x000000000800d51c                _free_r
 .text.__retarget_lock_acquire_recursive
                0x000000000800d71c        0x4 /home/vietanh/workspace/tools/gcc-arm-none-eabi-10.3-2021.10/arm-none-eabi/lib/thumb/v7-m/nofp/libc.a(lib_a-lock.o)
                0x000000000800d71c                __retarget_lock_acquire_recursive
 .text.__retarget_lock_release_recursive
                0x000000000800d720        0x4 /home/vietanh/workspace/tools/gcc-arm-none-eabi-10.3-2021.10/arm-none-eabi/lib/thumb/v7-m/nofp/libc.a(lib_a-lock.o)
                0x000000000800d720                __retarget_lock_release_recursive
 .text.abort    0x000000000800d724       0x10 /home/vietanh/workspace/tools/gcc-arm-none-eabi-10.3-2021.10/arm-none-eabi/lib/thumb/v7-m/nofp/libc.a(lib_a-abort.o)
                0x000000000800d724                abort
 .text.raise    0x000000000800d734       0x5c /home/vietanh/workspace/tools/gcc-arm-none-eabi-10.3-2021.10/arm-none-eabi/lib/thumb/v7-m/nofp/libc.a(lib_a-signal.o)
                0x000000000800d734                raise
 .text._kill_r  0x000000000800d790       0x28 /home/vietanh/workspace/tools/gcc-arm-none-eabi-10.3-2021.10/arm-none-eabi/lib/thumb/v7-m/nofp/libc.a(lib_a-signalr.o)
                0x000000000800d790                _kill_r
 .text._getpid_r
                0x000000000800d7b8        0x4 /home/vietanh/workspace/tools/gcc-arm-none-eabi-10.3-2021.10/arm-none-eabi/lib/thumb/v7-m/nofp/libc.a(lib_a-signalr.o)
                0x000000000800d7b8                _getpid_r
 .text.unlikely._ZSt20__throw_length_errorPKc
                0x000000000800d7bc        0x6 /home/vietanh/workspace/tools/gcc-arm-none-eabi-10.3-2021.10/arm-none-eabi/lib/thumb/v7-m/nofp/libstdc++_nano.a(functexcept.o)
                0x000000000800d7bc                std::__throw_length_error(char const*)
 *fill*         0x000000000800d7c2        0x2 
 .text._getpid  0x000000000800d7c4        0x4 /home/vietanh/workspace/tools/gcc-arm-none-eabi-10.3-2021.10/arm-none-eabi/lib/thumb/v7-m/nofp/librdpmon.a(syscalls.o)
                0x000000000800d7c4                _getpid
 .text._exit    0x000000000800d7c8       0x14 /home/vietanh/workspace/tools/gcc-arm-none-eabi-10.3-2021.10/arm-none-eabi/lib/thumb/v7-m/nofp/librdpmon.a(_exit.o)
                0x000000000800d7c8                _exit
 .text._kill    0x000000000800d7dc        0x4 /home/vietanh/workspace/tools/gcc-arm-none-eabi-10.3-2021.10/arm-none-eabi/lib/thumb/v7-m/nofp/librdpmon.a(_kill.o)
                0x000000000800d7dc                _kill
 .text._kill_shared
                0x000000000800d7e0        0x4 /home/vietanh/workspace/tools/gcc-arm-none-eabi-10.3-2021.10/arm-none-eabi/lib/thumb/v7-m/nofp/librdpmon.a(_kill.o)
                0x000000000800d7e0                _kill_shared
 *(.rodata)
 *(.rodata*)
 .rodata.task_create.str1.1
                0x000000000800d7e4        0x3 build_snake/task.o
 .rodata.task_run.str1.1
                0x000000000800d7e7       0x25 build_snake/task.o
 .rodata.timer_set.str1.1
                0x000000000800d80c        0x3 build_snake/timer.o
 .rodata.msg_force_free.str1.1
                0x000000000800d80f        0x3 build_snake/message.o
 .rodata.ak_malloc.str1.1
                0x000000000800d812        0xa build_snake/message.o
 .rodata.fifo_put.str1.1
                0x000000000800d81c        0x5 build_snake/fifo.o
 .rodata.xvfprintf.str1.1
                0x000000000800d821        0xb build_snake/xprintf.o
                                          0xc (size before relaxing)
 .rodata.sys_dbg_cpu_dump.str1.1
                0x000000000800d82c       0x5f build_snake/sys_dbg.o
 .rodata.sys_dbg_stack_space_dump.str1.1
                0x000000000800d88b       0x2f build_snake/sys_dbg.o
 .rodata.sys_dbg_fatal.str1.1
                0x000000000800d8ba      0x25b build_snake/sys_dbg.o
                                        0x261 (size before relaxing)
 .rodata.CSWTCH.8
                0x000000000800db15        0xb build_snake/mbutils.o
 .rodata.aucCRCHi
                0x000000000800db20      0x100 build_snake/mbmcrc.o
 .rodata.aucCRCLo
                0x000000000800dc20      0x100 build_snake/mbmcrc.o
 .rodata.vMBPAssert.str1.1
                0x000000000800dd20        0x3 build_snake/mbportother.o
 .rodata.exit_critical.str1.1
                0x000000000800dd23        0x4 build_snake/platform.o
 .rodata.default_handler.str1.1
                0x000000000800dd27        0x3 build_snake/system.o
 .rodata.sys_cfg_update_info.str1.1
                0x000000000800dd2a       0x62 build_snake/sys_cfg.o
                                         0x64 (size before relaxing)
 .rodata.sys_ctrl_soft_watchdog_increase_counter.str1.1
                0x000000000800dd8c        0x5 build_snake/sys_cfg.o
 .rodata.flash_transfer.str1.1
                0x000000000800dd91        0x4 build_snake/io_cfg.o
 .rodata._ZL16view_scr_startupv.str1.1
                0x000000000800dd95       0x49 build_snake/scr_startup.o
 .rodata._Z18scr_startup_handleP8ak_msg_t.str1.1
                0x000000000800ddde       0x38 build_snake/scr_startup.o
 .rodata._Z11task_systemP8ak_msg_t.str1.1
                0x000000000800de16       0x23 build_snake/task_system.o
 .rodata.main_app.str1.1
                0x000000000800de39      0x27a build_snake/app.o
 .rodata._Z20task_polling_consolev.str1.1
                0x000000000800e0b3       0x31 build_snake/app.o
 .rodata._ZL13tones_startup
                0x000000000800e0e4       0x28 build_snake/app.o
 .rodata.app_info
                0x000000000800e10c        0x8 build_snake/app.o
                0x000000000800e10c                app_info
 .rodata._Z17btn_mode_callbackPv.str1.1
                0x000000000800e114       0x9f build_snake/app_bsp.o
 .rodata._Z15btn_up_callbackPv.str1.1
                0x000000000800e1b3       0x99 build_snake/app_bsp.o
 .rodata._Z17btn_down_callbackPv.str1.1
                0x000000000800e24c       0x9f build_snake/app_bsp.o
 .rodata.str1.1
                0x000000000800e2eb       0xc1 build_snake/app_modbus_pull.o
 .rodata._Z11shell_resetPh.str1.1
                0x000000000800e3ac        0x6 build_snake/shell.o
 .rodata._Z10shell_helpPh.str1.1
                0x000000000800e3b2       0x24 build_snake/shell.o
 .rodata._Z9shell_verPh.str1.1
                0x000000000800e3d6      0x15d build_snake/shell.o
                                        0x180 (size before relaxing)
 .rodata._Z11shell_fatalPh.str1.1
                0x000000000800e533       0x65 build_snake/shell.o
                                        0x229 (size before relaxing)
 .rodata._Z11shell_flashPh.str1.1
                0x000000000800e598       0x4f build_snake/shell.o
                                         0x55 (size before relaxing)
 .rodata._Z9shell_epsPh.str1.1
                0x000000000800e5e7       0x28 build_snake/shell.o
 .rodata._Z9shell_ramPh.str1.1
                0x000000000800e60f       0x53 build_snake/shell.o
 .rodata._Z10shell_bootPh.str1.1
                0x000000000800e662      0x166 build_snake/shell.o
 .rodata._Z12shell_buzzerPh.str1.1
                0x000000000800e7c8      0x16f build_snake/shell.o
 .rodata._Z9shell_dbgPh.str1.1
                0x000000000800e937       0x1b build_snake/shell.o
 .rodata._Z12shell_modbusPh.str1.1
                0x000000000800e952       0x8f build_snake/shell.o
 .rodata._Z9shell_lcdPh.str1.1
                0x000000000800e9e1        0xb build_snake/shell.o
                                         0x54 (size before relaxing)
 .rodata.str1.1
                0x000000000800e9ec       0xda build_snake/shell.o
                                         0xdf (size before relaxing)
 .rodata._ZL11tones_3beep
                0x000000000800eac6       0x18 build_snake/shell.o
 .rodata._ZL13tones_startup
                0x000000000800eade       0x28 build_snake/shell.o
 .rodata._ZL20tones_merryChrismast
                0x000000000800eb06       0xd0 build_snake/shell.o
 .rodata._ZL9tones_SMB
                0x000000000800ebd6      0x104 build_snake/shell.o
 *fill*         0x000000000800ecda        0x2 
 .rodata.lgn_cmd_table
                0x000000000800ecdc       0xd8 build_snake/shell.o
                0x000000000800ecdc                lgn_cmd_table
 .rodata._Z10task_shellP8ak_msg_t.str1.1
                0x000000000800edb4       0x43 build_snake/task_shell.o
 .rodata._Z7task_fwP8ak_msg_t.str1.1
                0x000000000800edf7      0x206 build_snake/task_fw.o
 *fill*         0x000000000800effd        0x3 
 .rodata.app_task_polling_table
                0x000000000800f000       0x18 build_snake/task_list.o
                0x000000000800f000                app_task_polling_table
 .rodata.app_task_table
                0x000000000800f018       0x98 build_snake/task_list.o
                0x000000000800f018                app_task_table
 .rodata._Z7task_ifP8ak_msg_t.str1.1
                0x000000000800f0b0       0xa9 build_snake/task_if.o
 .rodata._Z12task_uart_ifP8ak_msg_t.str1.1
                0x000000000800f159       0xdf build_snake/task_uart_if.o
 .rodata._ZL11render_list
                0x000000000800f238        0x8 build_snake/view_render.o
 .rodata._Z16scr_mng_dispatchP8ak_msg_t.str1.1
                0x000000000800f240        0x8 build_snake/screen_manager.o
 .rodata._ZL4font
                0x000000000800f248      0x4fb build_snake/Adafruit_GFX.o
 *fill*         0x000000000800f743        0x1 
 .rodata._ZTV12Adafruit_GFX
                0x000000000800f744       0x2c build_snake/Adafruit_GFX.o
                0x000000000800f744                vtable for Adafruit_GFX
 .rodata._ZTV17Adafruit_oled_drv
                0x000000000800f770       0x3c build_snake/Adafruit_oled_drv.o
                0x000000000800f770                vtable for Adafruit_oled_drv
 .rodata._Z23link_hal_reg_write_bytePFhhE.str1.1
                0x000000000800f7ac        0x9 build_snake/link_hal.o
 .rodata._ZL19fsm_link_state_initP8ak_msg_t.str1.1
                0x000000000800f7b5      0x110 build_snake/link.o
 .rodata._ZL23link_mac_frame_send_reqv.str1.1
                0x000000000800f8c5        0x9 build_snake/link_mac.o
 .rodata._Z25fsm_link_mac_state_handleP8ak_msg_t.str1.1
                0x000000000800f8ce        0x5 build_snake/link_mac.o
 .rodata._Z25fsm_link_phy_state_handleP8ak_msg_t.str1.1
                0x000000000800f8d3        0x7 build_snake/link_phy.o
 .rodata._Z13link_pdu_freeP10link_pdu_t.str1.1
                0x000000000800f8da        0x9 build_snake/link_data.o
 .rodata._Z7pinModehh.str1.1
                0x000000000800f8e3        0x3 build_snake/wiring_digital.o
 *fill*         0x000000000800f8e6        0x2 
 .rodata._ZTV14HardwareSerial
                0x000000000800f8e8       0x24 build_snake/HardwareSerial.o
                0x000000000800f8e8                vtable for HardwareSerial
 .rodata._ZTV7TwoWire
                0x000000000800f90c       0x20 build_snake/Wire.o
                0x000000000800f90c                vtable for TwoWire
 .rodata.__cxa_pure_virtual.str1.1
                0x000000000800f92c        0x4 build_snake/mini_cpp.o
 .rodata._Z11item_renderv.str1.1
                0x000000000800f930       0x14 build_snake/title.o
 .rodata._Z18change_menu_cursorP8ak_msg_t.str1.1
                0x000000000800f944       0x13 build_snake/title.o